Archive member included because of file (symbol)

c:/devkitPro/libogc/lib/wii\libwiiuse.a(wpad.o)
                              main.o (WPAD_Init)
c:/devkitPro/libogc/lib/wii\libwiiuse.a(motion_plus.o)
                              c:/devkitPro/libogc/lib/wii\libwiiuse.a(wpad.o) (wiiuse_set_motion_plus)
c:/devkitPro/libogc/lib/wii\libwiiuse.a(dynamics.o)
                              c:/devkitPro/libogc/lib/wii\libwiiuse.a(wpad.o) (calculate_gforce)
c:/devkitPro/libogc/lib/wii\libwiiuse.a(io.o)
                              c:/devkitPro/libogc/lib/wii\libwiiuse.a(motion_plus.o) (wiiuse_disable_expansion)
c:/devkitPro/libogc/lib/wii\libwiiuse.a(io_wii.o)
                              c:/devkitPro/libogc/lib/wii\libwiiuse.a(wpad.o) (__wiiuse_sensorbar_enable)
c:/devkitPro/libogc/lib/wii\libwiiuse.a(ir.o)
                              c:/devkitPro/libogc/lib/wii\libwiiuse.a(motion_plus.o) (wiiuse_set_ir_mode)
c:/devkitPro/libogc/lib/wii\libwiiuse.a(nunchuk.o)
                              c:/devkitPro/libogc/lib/wii\libwiiuse.a(io.o) (nunchuk_handshake)
c:/devkitPro/libogc/lib/wii\libwiiuse.a(wiiboard.o)
                              c:/devkitPro/libogc/lib/wii\libwiiuse.a(io.o) (wii_board_handshake)
c:/devkitPro/libogc/lib/wii\libwiiuse.a(wiiuse.o)
                              c:/devkitPro/libogc/lib/wii\libwiiuse.a(io_wii.o) (wiiuse_send_next_command)
c:/devkitPro/libogc/lib/wii\libwiiuse.a(speaker.o)
                              c:/devkitPro/libogc/lib/wii\libwiiuse.a(wpad.o) (wencdata)
c:/devkitPro/libogc/lib/wii\libwiiuse.a(classic.o)
                              c:/devkitPro/libogc/lib/wii\libwiiuse.a(io.o) (classic_ctrl_handshake)
c:/devkitPro/libogc/lib/wii\libwiiuse.a(events.o)
                              c:/devkitPro/libogc/lib/wii\libwiiuse.a(io_wii.o) (parse_event)
c:/devkitPro/libogc/lib/wii\libwiiuse.a(guitar_hero_3.o)
                              c:/devkitPro/libogc/lib/wii\libwiiuse.a(io.o) (guitar_hero_3_handshake)
c:/devkitPro/libogc/lib/wii\libbte.a(bte.o)
                              c:/devkitPro/libogc/lib/wii\libwiiuse.a(wpad.o) (BTE_Init)
c:/devkitPro/libogc/lib/wii\libbte.a(hci.o)
                              c:/devkitPro/libogc/lib/wii\libbte.a(bte.o) (hci_init)
c:/devkitPro/libogc/lib/wii\libbte.a(l2cap.o)
                              c:/devkitPro/libogc/lib/wii\libbte.a(bte.o) (l2cap_init)
c:/devkitPro/libogc/lib/wii\libbte.a(btmemb.o)
                              c:/devkitPro/libogc/lib/wii\libbte.a(bte.o) (btmemb_init)
c:/devkitPro/libogc/lib/wii\libbte.a(btmemr.o)
                              c:/devkitPro/libogc/lib/wii\libbte.a(hci.o) (btmemr_init)
c:/devkitPro/libogc/lib/wii\libbte.a(btpbuf.o)
                              c:/devkitPro/libogc/lib/wii\libbte.a(hci.o) (btpbuf_init)
c:/devkitPro/libogc/lib/wii\libbte.a(physbusif.o)
                              c:/devkitPro/libogc/lib/wii\libbte.a(bte.o) (physbusif_init)
c:/devkitPro/libogc/lib/wii\libogc.a(console.o)
                              main.o (CON_Init)
c:/devkitPro/libogc/lib/wii\libogc.a(lwp_queue.o)
                              c:/devkitPro/libogc/lib/wii\libwiiuse.a(io_wii.o) (__lwp_queue_initialize)
c:/devkitPro/libogc/lib/wii\libogc.a(lwp_threads.o)
                              c:/devkitPro/libogc/lib/wii\libwiiuse.a(wpad.o) (_thread_dispatch_disable_level)
c:/devkitPro/libogc/lib/wii\libogc.a(lwp.o)
                              c:/devkitPro/libogc/lib/wii\libbte.a(bte.o) (LWP_InitQueue)
c:/devkitPro/libogc/lib/wii\libogc.a(lwp_handler.o)
                              c:/devkitPro/libogc/lib/wii\libogc.a(lwp_threads.o) (_cpu_context_save_fp)
c:/devkitPro/libogc/lib/wii\libogc.a(lwp_stack.o)
                              c:/devkitPro/libogc/lib/wii\libogc.a(lwp_threads.o) (__lwp_stack_allocate)
c:/devkitPro/libogc/lib/wii\libogc.a(lwp_watchdog.o)
                              c:/devkitPro/libogc/lib/wii\libogc.a(lwp_threads.o) (_wd_ticks_queue)
c:/devkitPro/libogc/lib/wii\libogc.a(lwp_wkspace.o)
                              c:/devkitPro/libogc/lib/wii\libwiiuse.a(io.o) (__wkspace_heap)
c:/devkitPro/libogc/lib/wii\libogc.a(lwp_objmgr.o)
                              c:/devkitPro/libogc/lib/wii\libogc.a(lwp.o) (__lwp_objmgr_initinfo)
c:/devkitPro/libogc/lib/wii\libogc.a(lwp_heap.o)
                              c:/devkitPro/libogc/lib/wii\libogc.a(lwp_wkspace.o) (__lwp_heap_init)
c:/devkitPro/libogc/lib/wii\libogc.a(sys_state.o)
                              c:/devkitPro/libogc/lib/wii\libogc.a(lwp_threads.o) (_sys_state_curr)
c:/devkitPro/libogc/lib/wii\libogc.a(irq.o)
                              c:/devkitPro/libogc/lib/wii\libwiiuse.a(io_wii.o) (IRQ_Disable)
c:/devkitPro/libogc/lib/wii\libogc.a(video.o)
                              c:/devkitPro/libogc/lib/wii\libogc.a(console.o) (VIDEO_GetCurrentFramebuffer)
c:/devkitPro/libogc/lib/wii\libogc.a(pad.o)
                              main.o (PAD_Init)
[...]
Memory Configuration

Name             Origin             Length             Attributes
*default*        0x00000000         0xffffffff

Linker script and memory map

                0x00003400                . = 0x3400

.stub
 *(.stub)
                0x80004000                . = 0x80004000

.init           0x80004000      0x194
 *crt0.o(*.init)
 .init          0x80004000      0x170 c:/devkitPro/libogc/lib/wii\libogc.a(ogc_crt0.o)
                0x80004000                _start
                0x80004140                _memset
 *(.init)
 .init          0x80004170        0xc c:/devkitpro/devkitppc/bin/../lib/gcc/powerpc-eabi/4.5.1/ecrti.o
                0x80004170                __init
 .init          0x8000417c        0x4 c:/devkitpro/devkitppc/bin/../lib/gcc/powerpc-eabi/4.5.1/crtbegin.o
 .init          0x80004180        0x4 c:/devkitpro/devkitppc/bin/../lib/gcc/powerpc-eabi/4.5.1/crtend.o
 .init          0x80004184       0x10 c:/devkitpro/devkitppc/bin/../lib/gcc/powerpc-eabi/4.5.1/ecrtn.o

.rela.dyn       0x80004194        0x0
 .rela.iplt     0x00000000        0x0 c:/devkitpro/devkitppc/bin/../lib/gcc/powerpc-eabi/4.5.1/crtbegin.o

.plt
 *(.plt)

.interp
 *(.interp)

.hash
 *(.hash)

.dynsym
 *(.dynsym)

.dynstr
 *(.dynstr)

.gnu.version
 *(.gnu.version)

.gnu.version_d
 *(.gnu.version_d)

.gnu.version_r
 *(.gnu.version_r)

.rel.init
 *(.rel.init)

.rela.init      0x80004194        0x0
 *(.rela.init)
 .rela.init     0x00000000        0x0 c:/devkitpro/devkitppc/bin/../lib/gcc/powerpc-eabi/4.5.1/crtbegin.o

.rel.text
 *(.rel.text .rel.text.* .rel.gnu.linkonce.t.*)

.rela.text      0x80004194        0x0
 *(.rela.text .rela.text.* .rela.gnu.linkonce.t.*)
 .rela.text     0x00000000        0x0 c:/devkitpro/devkitppc/bin/../lib/gcc/powerpc-eabi/4.5.1/crtbegin.o
 .rela.text.wiiuse_handshake_expansion
                0x00000000        0x0 c:/devkitpro/devkitppc/bin/../lib/gcc/powerpc-eabi/4.5.1/crtbegin.o
 .rela.text.wiiuse_handshake
                0x00000000        0x0 c:/devkitpro/devkitppc/bin/../lib/gcc/powerpc-eabi/4.5.1/crtbegin.o
 .rela.text.wiiuse_init_cmd_queue
                0x00000000        0x0 c:/devkitpro/devkitppc/bin/../lib/gcc/powerpc-eabi/4.5.1/crtbegin.o
 .rela.text.wiiuse_init
                0x00000000        0x0 c:/devkitpro/devkitppc/bin/../lib/gcc/powerpc-eabi/4.5.1/crtbegin.o
 .rela.text.bt_alarmhandler
                0x00000000        0x0 c:/devkitpro/devkitppc/bin/../lib/gcc/powerpc-eabi/4.5.1/crtbegin.o
 .rela.text.__console_init
                0x00000000        0x0 c:/devkitpro/devkitppc/bin/../lib/gcc/powerpc-eabi/4.5.1/crtbegin.o
 .rela.text.__console_init_ex
                0x00000000        0x0 c:/devkitpro/devkitppc/bin/../lib/gcc/powerpc-eabi/4.5.1/crtbegin.o
 .rela.text.CON_EnableGecko
                0x00000000        0x0 c:/devkitpro/devkitppc/bin/../lib/gcc/powerpc-eabi/4.5.1/crtbegin.o
 .rela.text.__lwp_thread_calcheir
                0x00000000        0x0 c:/devkitpro/devkitppc/bin/../lib/gcc/powerpc-eabi/4.5.1/crtbegin.o
 .rela.text.__lwp_wd_insert_ticks.clone.2
                0x00000000        0x0 c:/devkitpro/devkitppc/bin/../lib/gcc/powerpc-eabi/4.5.1/crtbegin.o
 .rela.text.__lwp_rotate_readyqueue
                0x00000000        0x0 c:/devkitpro/devkitppc/bin/../lib/gcc/powerpc-eabi/4.5.1/crtbegin.o
 .rela.text.__lwp_thread_setpriority
                0x00000000        0x0 c:/devkitpro/devkitppc/bin/../lib/gcc/powerpc-eabi/4.5.1/crtbegin.o
 .rela.text.__lwp_thread_close
                0x00000000        0x0 c:/devkitpro/devkitppc/bin/../lib/gcc/powerpc-eabi/4.5.1/crtbegin.o
 .rela.text.__lwp_thread_closeall
                0x00000000        0x0 c:/devkitpro/devkitppc/bin/../lib/gcc/powerpc-eabi/4.5.1/crtbegin.o
 .rela.text.__lwp_thread_startmultitasking
                0x00000000        0x0 c:/devkitpro/devkitppc/bin/../lib/gcc/powerpc-eabi/4.5.1/crtbegin.o
 .rela.text.__lwp_thread_stopmultitasking
                0x00000000        0x0 c:/devkitpro/devkitppc/bin/../lib/gcc/powerpc-eabi/4.5.1/crtbegin.o
 .rela.text.__lwp_thread_coreinit
                0x00000000        0x0 c:/devkitpro/devkitppc/bin/../lib/gcc/powerpc-eabi/4.5.1/crtbegin.o
 .rela.text.__lwp_tqueue_open
                0x00000000        0x0 c:/devkitpro/devkitppc/bin/../lib/gcc/powerpc-eabi/4.5.1/crtbegin.o
 .rela.text.__lwp_cntrl_open
                0x00000000        0x0 c:/devkitpro/devkitppc/bin/../lib/gcc/powerpc-eabi/4.5.1/crtbegin.o
 .rela.text.__lwp_cntrl_free
                0x00000000        0x0 c:/devkitpro/devkitppc/bin/../lib/gcc/powerpc-eabi/4.5.1/crtbegin.o
 .rela.text.__lwp_sysinit
                0x00000000        0x0 c:/devkitpro/devkitppc/bin/../lib/gcc/powerpc-eabi/4.5.1/crtbegin.o
 .rela.text.__lwp_thread_isalive
                0x00000000        0x0 c:/devkitpro/devkitppc/bin/../lib/gcc/powerpc-eabi/4.5.1/crtbegin.o
 .rela.text.__lwp_thread_exists
                0x00000000        0x0 c:/devkitpro/devkitppc/bin/../lib/gcc/powerpc-eabi/4.5.1/crtbegin.o
 .rela.text.__lwp_thread_context
                0x00000000        0x0 c:/devkitpro/devkitppc/bin/../lib/gcc/powerpc-eabi/4.5.1/crtbegin.o
 .rela.text.LWP_CreateThread
                0x00000000        0x0 c:/devkitpro/devkitppc/bin/../lib/gcc/powerpc-eabi/4.5.1/crtbegin.o
 .rela.text.LWP_InitQueue
                0x00000000        0x0 c:/devkitpro/devkitppc/bin/../lib/gcc/powerpc-eabi/4.5.1/crtbegin.o
 .rela.text.LWP_CloseQueue
                0x00000000        0x0 c:/devkitpro/devkitppc/bin/../lib/gcc/powerpc-eabi/4.5.1/crtbegin.o
 .rela.text.__lwp_stack_allocate
                0x00000000        0x0 c:/devkitpro/devkitppc/bin/../lib/gcc/powerpc-eabi/4.5.1/crtbegin.o
 .rela.text.__lwp_stack_free
                0x00000000        0x0 c:/devkitpro/devkitppc/bin/../lib/gcc/powerpc-eabi/4.5.1/crtbegin.o
 .rela.text.__lwp_watchdog_init
                0x00000000        0x0 c:/devkitpro/devkitppc/bin/../lib/gcc/powerpc-eabi/4.5.1/crtbegin.o
 .rela.text.__lwp_wd_tickle
                0x00000000        0x0 c:/devkitpro/devkitppc/bin/../lib/gcc/powerpc-eabi/4.5.1/crtbegin.o
 .rela.text.__lwp_wkspace_heapfree
                0x00000000        0x0 c:/devkitpro/devkitppc/bin/../lib/gcc/powerpc-eabi/4.5.1/crtbegin.o
 .rela.text.__lwp_wkspace_heapused
                0x00000000        0x0 c:/devkitpro/devkitppc/bin/../lib/gcc/powerpc-eabi/4.5.1/crtbegin.o
 .rela.text.__lwp_wkspace_init
                0x00000000        0x0 c:/devkitpro/devkitppc/bin/../lib/gcc/powerpc-eabi/4.5.1/crtbegin.o
 .rela.text.__lwp_objmgr_initinfo
                0x00000000        0x0 c:/devkitpro/devkitppc/bin/../lib/gcc/powerpc-eabi/4.5.1/crtbegin.o
 .rela.text.__irq_init
                0x00000000        0x0 c:/devkitpro/devkitppc/bin/../lib/gcc/powerpc-eabi/4.5.1/crtbegin.o
 .rela.text.__call_resetfuncs
                0x00000000        0x0 c:/devkitpro/devkitppc/bin/../lib/gcc/powerpc-eabi/4.5.1/crtbegin.o
 .rela.text.__locksram
                0x00000000        0x0 c:/devkitpro/devkitppc/bin/../lib/gcc/powerpc-eabi/4.5.1/crtbegin.o
 .rela.text.__sys_alarmhandler
                0x00000000        0x0 c:/devkitpro/devkitppc/bin/../lib/gcc/powerpc-eabi/4.5.1/crtbegin.o
 .rela.text.__unlocksram
                0x00000000        0x0 c:/devkitpro/devkitppc/bin/../lib/gcc/powerpc-eabi/4.5.1/crtbegin.o
 .rela.text.__sram_writecallback
                0x00000000        0x0 c:/devkitpro/devkitppc/bin/../lib/gcc/powerpc-eabi/4.5.1/crtbegin.o
 .rela.text.__sram_init
                0x00000000        0x0 c:/devkitpro/devkitppc/bin/../lib/gcc/powerpc-eabi/4.5.1/crtbegin.o
 .rela.text.__SYS_SyncSram
                0x00000000        0x0 c:/devkitpro/devkitppc/bin/../lib/gcc/powerpc-eabi/4.5.1/crtbegin.o
 .rela.text.SYS_Init
                0x00000000        0x0 c:/devkitpro/devkitppc/bin/../lib/gcc/powerpc-eabi/4.5.1/crtbegin.o
 .rela.text.SYS_SetAlarm
                0x00000000        0x0 c:/devkitpro/devkitppc/bin/../lib/gcc/powerpc-eabi/4.5.1/crtbegin.o
 .rela.text.SYS_SetPeriodicAlarm
                0x00000000        0x0 c:/devkitpro/devkitppc/bin/../lib/gcc/powerpc-eabi/4.5.1/crtbegin.o
 .rela.text.SYS_RemoveAlarm
                0x00000000        0x0 c:/devkitpro/devkitppc/bin/../lib/gcc/powerpc-eabi/4.5.1/crtbegin.o
 .rela.text.SYS_CancelAlarm
                0x00000000        0x0 c:/devkitpro/devkitppc/bin/../lib/gcc/powerpc-eabi/4.5.1/crtbegin.o
 .rela.text.__lwp_cond_open
                0x00000000        0x0 c:/devkitpro/devkitppc/bin/../lib/gcc/powerpc-eabi/4.5.1/crtbegin.o
 .rela.text.__lwp_cond_init
                0x00000000        0x0 c:/devkitpro/devkitppc/bin/../lib/gcc/powerpc-eabi/4.5.1/crtbegin.o
 .rela.text.LWP_CondInit
                0x00000000        0x0 c:/devkitpro/devkitppc/bin/../lib/gcc/powerpc-eabi/4.5.1/crtbegin.o
 .rela.text.LWP_CondDestroy
                0x00000000        0x0 c:/devkitpro/devkitppc/bin/../lib/gcc/powerpc-eabi/4.5.1/crtbegin.o
 .rela.text.c_decrementer_handler
                0x00000000        0x0 c:/devkitpro/devkitppc/bin/../lib/gcc/powerpc-eabi/4.5.1/crtbegin.o
 .rela.text.__lwp_mqbox_open
                0x00000000        0x0 c:/devkitpro/devkitppc/bin/../lib/gcc/powerpc-eabi/4.5.1/crtbegin.o
 .rela.text.__lwp_mqbox_free
                0x00000000        0x0 c:/devkitpro/devkitppc/bin/../lib/gcc/powerpc-eabi/4.5.1/crtbegin.o
 .rela.text.__lwp_mqbox_init
                0x00000000        0x0 c:/devkitpro/devkitppc/bin/../lib/gcc/powerpc-eabi/4.5.1/crtbegin.o
 .rela.text.MQ_Init
                0x00000000        0x0 c:/devkitpro/devkitppc/bin/../lib/gcc/powerpc-eabi/4.5.1/crtbegin.o
 .rela.text.__lwp_wkspace_free
                0x00000000        0x0 c:/devkitpro/devkitppc/bin/../lib/gcc/powerpc-eabi/4.5.1/crtbegin.o
 .rela.text.__ios_ioctlvformat_parse
                0x00000000        0x0 c:/devkitpro/devkitppc/bin/../lib/gcc/powerpc-eabi/4.5.1/crtbegin.o
 .rela.text.IOS_IoctlvFormat
                0x00000000        0x0 c:/devkitpro/devkitppc/bin/../lib/gcc/powerpc-eabi/4.5.1/crtbegin.o
 .rela.text.IOS_IoctlvFormatAsync
                0x00000000        0x0 c:/devkitpro/devkitppc/bin/../lib/gcc/powerpc-eabi/4.5.1/crtbegin.o
 .rela.text.nanosleep
                0x00000000        0x0 c:/devkitpro/devkitppc/bin/../lib/gcc/powerpc-eabi/4.5.1/crtbegin.o
 .rela.text.__libc_delete_hook
                0x00000000        0x0 c:/devkitpro/devkitppc/bin/../lib/gcc/powerpc-eabi/4.5.1/crtbegin.o
 .rela.text.__libc_init
                0x00000000        0x0 c:/devkitpro/devkitppc/bin/../lib/gcc/powerpc-eabi/4.5.1/crtbegin.o
 .rela.text.__libc_wrapup
                0x00000000        0x0 c:/devkitpro/devkitppc/bin/../lib/gcc/powerpc-eabi/4.5.1/crtbegin.o
 .rela.text.__CheckARGV
                0x00000000        0x0 c:/devkitpro/devkitppc/bin/../lib/gcc/powerpc-eabi/4.5.1/crtbegin.o
 .rela.text.__lwp_priority_init
                0x00000000        0x0 c:/devkitpro/devkitppc/bin/../lib/gcc/powerpc-eabi/4.5.1/crtbegin.o
 .rela.text.__lwp_wd_remove_ticks
                0x00000000        0x0 c:/devkitpro/devkitppc/bin/../lib/gcc/powerpc-eabi/4.5.1/crtbegin.o
 .rela.text.__lwp_threadqueue_enqueue
                0x00000000        0x0 c:/devkitpro/devkitppc/bin/../lib/gcc/powerpc-eabi/4.5.1/crtbegin.o
 .rela.text.__lwpmq_initialize
                0x00000000        0x0 c:/devkitpro/devkitppc/bin/../lib/gcc/powerpc-eabi/4.5.1/crtbegin.o
 .rela.text.__lwpmq_close
                0x00000000        0x0 c:/devkitpro/devkitppc/bin/../lib/gcc/powerpc-eabi/4.5.1/crtbegin.o
 .rela.text.__systemcall_init
                0x00000000        0x0 c:/devkitpro/devkitppc/bin/../lib/gcc/powerpc-eabi/4.5.1/crtbegin.o
 .rela.text.__exception_init
                0x00000000        0x0 c:/devkitpro/devkitppc/bin/../lib/gcc/powerpc-eabi/4.5.1/crtbegin.o
 .rela.text.__exception_close
                0x00000000        0x0 c:/devkitpro/devkitppc/bin/../lib/gcc/powerpc-eabi/4.5.1/crtbegin.o
 .rela.text.__exception_sethandler
                0x00000000        0x0 c:/devkitpro/devkitppc/bin/../lib/gcc/powerpc-eabi/4.5.1/crtbegin.o
 .rela.text.__lwp_sema_open
                0x00000000        0x0 c:/devkitpro/devkitppc/bin/../lib/gcc/powerpc-eabi/4.5.1/crtbegin.o
 .rela.text.__lwp_sema_init
                0x00000000        0x0 c:/devkitpro/devkitppc/bin/../lib/gcc/powerpc-eabi/4.5.1/crtbegin.o
 .rela.text.LWP_SemInit
                0x00000000        0x0 c:/devkitpro/devkitppc/bin/../lib/gcc/powerpc-eabi/4.5.1/crtbegin.o
 .rela.text.LWP_SemDestroy
                0x00000000        0x0 c:/devkitpro/devkitppc/bin/../lib/gcc/powerpc-eabi/4.5.1/crtbegin.o
 .rela.text.__lwp_mutex_open
                0x00000000        0x0 c:/devkitpro/devkitppc/bin/../lib/gcc/powerpc-eabi/4.5.1/crtbegin.o
 .rela.text.__lwp_mutex_locksupp.clone.6
                0x00000000        0x0 c:/devkitpro/devkitppc/bin/../lib/gcc/powerpc-eabi/4.5.1/crtbegin.o
 .rela.text.__lwp_mutex_init
                0x00000000        0x0 c:/devkitpro/devkitppc/bin/../lib/gcc/powerpc-eabi/4.5.1/crtbegin.o
 .rela.text.LWP_MutexInit
                0x00000000        0x0 c:/devkitpro/devkitppc/bin/../lib/gcc/powerpc-eabi/4.5.1/crtbegin.o
 .rela.text.LWP_MutexDestroy
                0x00000000        0x0 c:/devkitpro/devkitppc/bin/../lib/gcc/powerpc-eabi/4.5.1/crtbegin.o
 .rela.text.__GX_FifoLink
                0x00000000        0x0 c:/devkitpro/devkitppc/bin/../lib/gcc/powerpc-eabi/4.5.1/crtbegin.o
 .rela.text.__GX_WriteFifoIntEnable
                0x00000000        0x0 c:/devkitpro/devkitppc/bin/../lib/gcc/powerpc-eabi/4.5.1/crtbegin.o
 .rela.text.__GX_FifoReadEnable
                0x00000000        0x0 c:/devkitpro/devkitppc/bin/../lib/gcc/powerpc-eabi/4.5.1/crtbegin.o
 .rela.text.__GX_FifoReadDisable
                0x00000000        0x0 c:/devkitpro/devkitppc/bin/../lib/gcc/powerpc-eabi/4.5.1/crtbegin.o
 .rela.text.__GX_InitRevBits
                0x00000000        0x0 c:/devkitpro/devkitppc/bin/../lib/gcc/powerpc-eabi/4.5.1/crtbegin.o
 .rela.text.__GXDefTexRegionCallback
                0x00000000        0x0 c:/devkitpro/devkitppc/bin/../lib/gcc/powerpc-eabi/4.5.1/crtbegin.o
 .rela.text.__GXDefTlutRegionCallback
                0x00000000        0x0 c:/devkitpro/devkitppc/bin/../lib/gcc/powerpc-eabi/4.5.1/crtbegin.o
 .rela.text.__GX_FlushTextureState
                0x00000000        0x0 c:/devkitpro/devkitppc/bin/../lib/gcc/powerpc-eabi/4.5.1/crtbegin.o
 .rela.text.__GX_SetMatrixIndex
                0x00000000        0x0 c:/devkitpro/devkitppc/bin/../lib/gcc/powerpc-eabi/4.5.1/crtbegin.o
 .rela.text.__SetSURegs
                0x00000000        0x0 c:/devkitpro/devkitppc/bin/../lib/gcc/powerpc-eabi/4.5.1/crtbegin.o
 .rela.text.__GX_SetDirtyState
                0x00000000        0x0 c:/devkitpro/devkitppc/bin/../lib/gcc/powerpc-eabi/4.5.1/crtbegin.o
 .rela.text.__SETVCDATTR
                0x00000000        0x0 c:/devkitpro/devkitppc/bin/../lib/gcc/powerpc-eabi/4.5.1/crtbegin.o
 .rela.text.__SETVCDFMT
                0x00000000        0x0 c:/devkitpro/devkitppc/bin/../lib/gcc/powerpc-eabi/4.5.1/crtbegin.o
 .rela.text.__GX_WriteFifoIntReset.clone.1
                0x00000000        0x0 c:/devkitpro/devkitppc/bin/../lib/gcc/powerpc-eabi/4.5.1/crtbegin.o
 .rela.text.__GXCPInterruptHandler
                0x00000000        0x0 c:/devkitpro/devkitppc/bin/../lib/gcc/powerpc-eabi/4.5.1/crtbegin.o
 .rela.text.GX_Flush
                0x00000000        0x0 c:/devkitpro/devkitppc/bin/../lib/gcc/powerpc-eabi/4.5.1/crtbegin.o
 .rela.text.GX_EnableBreakPt
                0x00000000        0x0 c:/devkitpro/devkitppc/bin/../lib/gcc/powerpc-eabi/4.5.1/crtbegin.o
 .rela.text.GX_DisableBreakPt
                0x00000000        0x0 c:/devkitpro/devkitppc/bin/../lib/gcc/powerpc-eabi/4.5.1/crtbegin.o
 .rela.text.GX_AbortFrame
                0x00000000        0x0 c:/devkitpro/devkitppc/bin/../lib/gcc/powerpc-eabi/4.5.1/crtbegin.o
 .rela.text.GX_PixModeSync
                0x00000000        0x0 c:/devkitpro/devkitppc/bin/../lib/gcc/powerpc-eabi/4.5.1/crtbegin.o
 .rela.text.GX_SetMisc
                0x00000000        0x0 c:/devkitpro/devkitppc/bin/../lib/gcc/powerpc-eabi/4.5.1/crtbegin.o
 .rela.text.GX_SetCopyClamp
                0x00000000        0x0 c:/devkitpro/devkitppc/bin/../lib/gcc/powerpc-eabi/4.5.1/crtbegin.o
 .rela.text.GX_SetDispCopyGamma
                0x00000000        0x0 c:/devkitpro/devkitppc/bin/../lib/gcc/powerpc-eabi/4.5.1/crtbegin.o
 .rela.text.GX_SetDispCopyFrame2Field
                0x00000000        0x0 c:/devkitpro/devkitppc/bin/../lib/gcc/powerpc-eabi/4.5.1/crtbegin.o
 .rela.text.GX_SetDispCopyYScale
                0x00000000        0x0 c:/devkitpro/devkitppc/bin/../lib/gcc/powerpc-eabi/4.5.1/crtbegin.o
 .rela.text.GX_SetDispCopyDst
                0x00000000        0x0 c:/devkitpro/devkitppc/bin/../lib/gcc/powerpc-eabi/4.5.1/crtbegin.o
 .rela.text.GX_SetDispCopySrc
                0x00000000        0x0 c:/devkitpro/devkitppc/bin/../lib/gcc/powerpc-eabi/4.5.1/crtbegin.o
 .rela.text.GX_CopyDisp
                0x00000000        0x0 c:/devkitpro/devkitppc/bin/../lib/gcc/powerpc-eabi/4.5.1/crtbegin.o
 .rela.text.GX_CopyTex
                0x00000000        0x0 c:/devkitpro/devkitppc/bin/../lib/gcc/powerpc-eabi/4.5.1/crtbegin.o
 .rela.text.GX_SetTexCopySrc
                0x00000000        0x0 c:/devkitpro/devkitppc/bin/../lib/gcc/powerpc-eabi/4.5.1/crtbegin.o
 .rela.text.GX_SetTexCopyDst
                0x00000000        0x0 c:/devkitpro/devkitppc/bin/../lib/gcc/powerpc-eabi/4.5.1/crtbegin.o
 .rela.text.GX_BeginDispList
                0x00000000        0x0 c:/devkitpro/devkitppc/bin/../lib/gcc/powerpc-eabi/4.5.1/crtbegin.o
 .rela.text.GX_EndDispList
                0x00000000        0x0 c:/devkitpro/devkitppc/bin/../lib/gcc/powerpc-eabi/4.5.1/crtbegin.o
 .rela.text.GX_CallDispList
                0x00000000        0x0 c:/devkitpro/devkitppc/bin/../lib/gcc/powerpc-eabi/4.5.1/crtbegin.o
 .rela.text.GX_SetChanCtrl
                0x00000000        0x0 c:/devkitpro/devkitppc/bin/../lib/gcc/powerpc-eabi/4.5.1/crtbegin.o
 .rela.text.GX_SetChanAmbColor
                0x00000000        0x0 c:/devkitpro/devkitppc/bin/../lib/gcc/powerpc-eabi/4.5.1/crtbegin.o
 .rela.text.GX_SetChanMatColor
                0x00000000        0x0 c:/devkitpro/devkitppc/bin/../lib/gcc/powerpc-eabi/4.5.1/crtbegin.o
 .rela.text.GX_SetVtxDesc
                0x00000000        0x0 c:/devkitpro/devkitppc/bin/../lib/gcc/powerpc-eabi/4.5.1/crtbegin.o
 .rela.text.GX_SetVtxDescv
                0x00000000        0x0 c:/devkitpro/devkitppc/bin/../lib/gcc/powerpc-eabi/4.5.1/crtbegin.o
 .rela.text.GX_GetVtxDescv
                0x00000000        0x0 c:/devkitpro/devkitppc/bin/../lib/gcc/powerpc-eabi/4.5.1/crtbegin.o
 .rela.text.GX_SetVtxAttrFmt
                0x00000000        0x0 c:/devkitpro/devkitppc/bin/../lib/gcc/powerpc-eabi/4.5.1/crtbegin.o
 .rela.text.GX_SetVtxAttrFmtv
                0x00000000        0x0 c:/devkitpro/devkitppc/bin/../lib/gcc/powerpc-eabi/4.5.1/crtbegin.o
 .rela.text.GX_Begin
                0x00000000        0x0 c:/devkitpro/devkitppc/bin/../lib/gcc/powerpc-eabi/4.5.1/crtbegin.o
 .rela.text.GX_SetTexCoordGen2
                0x00000000        0x0 c:/devkitpro/devkitppc/bin/../lib/gcc/powerpc-eabi/4.5.1/crtbegin.o
 .rela.text.GX_SetCurrentMtx
                0x00000000        0x0 c:/devkitpro/devkitppc/bin/../lib/gcc/powerpc-eabi/4.5.1/crtbegin.o
 .rela.text.GX_SetNumTexGens
                0x00000000        0x0 c:/devkitpro/devkitppc/bin/../lib/gcc/powerpc-eabi/4.5.1/crtbegin.o
 .rela.text.GX_SetZMode
                0x00000000        0x0 c:/devkitpro/devkitppc/bin/../lib/gcc/powerpc-eabi/4.5.1/crtbegin.o
 .rela.text.GX_LoadTexObjPreloaded
                0x00000000        0x0 c:/devkitpro/devkitppc/bin/../lib/gcc/powerpc-eabi/4.5.1/crtbegin.o
 .rela.text.GX_SetTexCoordScaleManually
                0x00000000        0x0 c:/devkitpro/devkitppc/bin/../lib/gcc/powerpc-eabi/4.5.1/crtbegin.o
 .rela.text.GX_SetTexCoordCylWrap
                0x00000000        0x0 c:/devkitpro/devkitppc/bin/../lib/gcc/powerpc-eabi/4.5.1/crtbegin.o
 .rela.text.GX_SetTexCoordBias
                0x00000000        0x0 c:/devkitpro/devkitppc/bin/../lib/gcc/powerpc-eabi/4.5.1/crtbegin.o
 .rela.text.GX_SetBlendMode
                0x00000000        0x0 c:/devkitpro/devkitppc/bin/../lib/gcc/powerpc-eabi/4.5.1/crtbegin.o
 .rela.text.GX_ClearVtxDesc
                0x00000000        0x0 c:/devkitpro/devkitppc/bin/../lib/gcc/powerpc-eabi/4.5.1/crtbegin.o
 .rela.text.GX_SetLineWidth
                0x00000000        0x0 c:/devkitpro/devkitppc/bin/../lib/gcc/powerpc-eabi/4.5.1/crtbegin.o
 .rela.text.GX_SetPointSize
                0x00000000        0x0 c:/devkitpro/devkitppc/bin/../lib/gcc/powerpc-eabi/4.5.1/crtbegin.o
 .rela.text.GX_SetTevColorIn
                0x00000000        0x0 c:/devkitpro/devkitppc/bin/../lib/gcc/powerpc-eabi/4.5.1/crtbegin.o
 .rela.text.GX_SetTevAlphaIn
                0x00000000        0x0 c:/devkitpro/devkitppc/bin/../lib/gcc/powerpc-eabi/4.5.1/crtbegin.o
 .rela.text.GX_SetTevColorOp
                0x00000000        0x0 c:/devkitpro/devkitppc/bin/../lib/gcc/powerpc-eabi/4.5.1/crtbegin.o
 .rela.text.GX_SetTevAlphaOp
                0x00000000        0x0 c:/devkitpro/devkitppc/bin/../lib/gcc/powerpc-eabi/4.5.1/crtbegin.o
 .rela.text.GX_SetCullMode
                0x00000000        0x0 c:/devkitpro/devkitppc/bin/../lib/gcc/powerpc-eabi/4.5.1/crtbegin.o
 .rela.text.GX_SetCoPlanar
                0x00000000        0x0 c:/devkitpro/devkitppc/bin/../lib/gcc/powerpc-eabi/4.5.1/crtbegin.o
 .rela.text.GX_EnableTexOffsets
                0x00000000        0x0 c:/devkitpro/devkitppc/bin/../lib/gcc/powerpc-eabi/4.5.1/crtbegin.o
 .rela.text.GX_SetScissor
                0x00000000        0x0 c:/devkitpro/devkitppc/bin/../lib/gcc/powerpc-eabi/4.5.1/crtbegin.o
 .rela.text.GX_SetNumChans
                0x00000000        0x0 c:/devkitpro/devkitppc/bin/../lib/gcc/powerpc-eabi/4.5.1/crtbegin.o
 .rela.text.GX_SetTevOrder
                0x00000000        0x0 c:/devkitpro/devkitppc/bin/../lib/gcc/powerpc-eabi/4.5.1/crtbegin.o
 .rela.text.GX_SetNumTevStages
                0x00000000        0x0 c:/devkitpro/devkitppc/bin/../lib/gcc/powerpc-eabi/4.5.1/crtbegin.o
 .rela.text.GX_SetTevKColorSel
                0x00000000        0x0 c:/devkitpro/devkitppc/bin/../lib/gcc/powerpc-eabi/4.5.1/crtbegin.o
 .rela.text.GX_SetTevKAlphaSel
                0x00000000        0x0 c:/devkitpro/devkitppc/bin/../lib/gcc/powerpc-eabi/4.5.1/crtbegin.o
 .rela.text.GX_SetTevSwapMode
                0x00000000        0x0 c:/devkitpro/devkitppc/bin/../lib/gcc/powerpc-eabi/4.5.1/crtbegin.o
 .rela.text.GX_SetTevSwapModeTable
                0x00000000        0x0 c:/devkitpro/devkitppc/bin/../lib/gcc/powerpc-eabi/4.5.1/crtbegin.o
 .rela.text.GX_SetNumIndStages
                0x00000000        0x0 c:/devkitpro/devkitppc/bin/../lib/gcc/powerpc-eabi/4.5.1/crtbegin.o
 .rela.text.GX_SetIndTexCoordScale
                0x00000000        0x0 c:/devkitpro/devkitppc/bin/../lib/gcc/powerpc-eabi/4.5.1/crtbegin.o
 .rela.text.GX_SetColorUpdate
                0x00000000        0x0 c:/devkitpro/devkitppc/bin/../lib/gcc/powerpc-eabi/4.5.1/crtbegin.o
 .rela.text.GX_SetAlphaUpdate
                0x00000000        0x0 c:/devkitpro/devkitppc/bin/../lib/gcc/powerpc-eabi/4.5.1/crtbegin.o
 .rela.text.GX_SetZCompLoc
                0x00000000        0x0 c:/devkitpro/devkitppc/bin/../lib/gcc/powerpc-eabi/4.5.1/crtbegin.o
 .rela.text.GX_SetPixelFmt
                0x00000000        0x0 c:/devkitpro/devkitppc/bin/../lib/gcc/powerpc-eabi/4.5.1/crtbegin.o
 .rela.text.GX_SetDither
                0x00000000        0x0 c:/devkitpro/devkitppc/bin/../lib/gcc/powerpc-eabi/4.5.1/crtbegin.o
 .rela.text.GX_SetDstAlpha
                0x00000000        0x0 c:/devkitpro/devkitppc/bin/../lib/gcc/powerpc-eabi/4.5.1/crtbegin.o
 .rela.text.GX_SetFieldMode
                0x00000000        0x0 c:/devkitpro/devkitppc/bin/../lib/gcc/powerpc-eabi/4.5.1/crtbegin.o
 .rela.text.GX_SetIndTexOrder
                0x00000000        0x0 c:/devkitpro/devkitppc/bin/../lib/gcc/powerpc-eabi/4.5.1/crtbegin.o
 .rela.text.GX_SetGPMetric
                0x00000000        0x0 c:/devkitpro/devkitppc/bin/../lib/gcc/powerpc-eabi/4.5.1/crtbegin.o
 .rela.text.GX_Init
                0x00000000        0x0 c:/devkitpro/devkitppc/bin/../lib/gcc/powerpc-eabi/4.5.1/crtbegin.o
 .rela.text.GX_ReadGPMetric
                0x00000000        0x0 c:/devkitpro/devkitppc/bin/../lib/gcc/powerpc-eabi/4.5.1/crtbegin.o
 .rela.text.kprintf
                0x00000000        0x0 c:/devkitpro/devkitppc/bin/../lib/gcc/powerpc-eabi/4.5.1/crtbegin.o
 .rela.text.atangent
                0x00000000        0x0 c:/devkitpro/devkitppc/bin/../lib/gcc/powerpc-eabi/4.5.1/crtbegin.o
 .rela.text.calloc
                0x00000000        0x0 c:/devkitpro/devkitppc/bin/../lib/gcc/powerpc-eabi/4.5.1/crtbegin.o
 .rela.text.__errno
                0x00000000        0x0 c:/devkitpro/devkitppc/bin/../lib/gcc/powerpc-eabi/4.5.1/crtbegin.o
 .rela.text.exit
                0x00000000        0x0 c:/devkitpro/devkitppc/bin/../lib/gcc/powerpc-eabi/4.5.1/crtbegin.o
 .rela.text.fprintf
                0x00000000        0x0 c:/devkitpro/devkitppc/bin/../lib/gcc/powerpc-eabi/4.5.1/crtbegin.o
 .rela.text.fputs
                0x00000000        0x0 c:/devkitpro/devkitppc/bin/../lib/gcc/powerpc-eabi/4.5.1/crtbegin.o
 .rela.text._malloc_trim_r
                0x00000000        0x0 c:/devkitpro/devkitppc/bin/../lib/gcc/powerpc-eabi/4.5.1/crtbegin.o
 .rela.text._free_r
                0x00000000        0x0 c:/devkitpro/devkitppc/bin/../lib/gcc/powerpc-eabi/4.5.1/crtbegin.o
 .rela.text.setvbuf
                0x00000000        0x0 c:/devkitpro/devkitppc/bin/../lib/gcc/powerpc-eabi/4.5.1/crtbegin.o
 .rela.text._svfprintf_r
                0x00000000        0x0 c:/devkitpro/devkitppc/bin/../lib/gcc/powerpc-eabi/4.5.1/crtbegin.o
 .rela.text._vfprintf_r
                0x00000000        0x0 c:/devkitpro/devkitppc/bin/../lib/gcc/powerpc-eabi/4.5.1/crtbegin.o
 .rela.text._wcrtomb_r
                0x00000000        0x0 c:/devkitpro/devkitppc/bin/../lib/gcc/powerpc-eabi/4.5.1/crtbegin.o
 .rela.text.wcrtomb
                0x00000000        0x0 c:/devkitpro/devkitppc/bin/../lib/gcc/powerpc-eabi/4.5.1/crtbegin.o
 .rela.text._dtoa_r
                0x00000000        0x0 c:/devkitpro/devkitppc/bin/../lib/gcc/powerpc-eabi/4.5.1/crtbegin.o
 .rela.text._cleanup_r
                0x00000000        0x0 c:/devkitpro/devkitppc/bin/../lib/gcc/powerpc-eabi/4.5.1/crtbegin.o
 .rela.text.__sinit
                0x00000000        0x0 c:/devkitpro/devkitppc/bin/../lib/gcc/powerpc-eabi/4.5.1/crtbegin.o
 .rela.text.loadlocale
                0x00000000        0x0 c:/devkitpro/devkitppc/bin/../lib/gcc/powerpc-eabi/4.5.1/crtbegin.o
 .rela.text.__smakebuf_r
                0x00000000        0x0 c:/devkitpro/devkitppc/bin/../lib/gcc/powerpc-eabi/4.5.1/crtbegin.o
 .rela.text._findenv_r
                0x00000000        0x0 c:/devkitpro/devkitppc/bin/../lib/gcc/powerpc-eabi/4.5.1/crtbegin.o

.rel.fini
 *(.rel.fini)

.rela.fini
 *(.rela.fini)

.rel.rodata
 *(.rel.rodata .rel.rodata.* .rel.gnu.linkonce.r.*)

.rela.rodata
 *(.rela.rodata .rela.rodata.* .rela.gnu.linkonce.r.*)

.rel.data
 *(.rel.data .rel.data.* .rel.gnu.linkonce.d.*)

.rela.data
 *(.rela.data .rela.data.* .rela.gnu.linkonce.d.*)

.rel.tdata
 *(.rel.tdata .rel.tdata.* .rel.gnu.linkonce.td.*)

.rela.tdata
 *(.rela.tdata .rela.tdata.* .rela.gnu.linkonce.td.*)

.rel.tbss
 *(.rel.tbss .rel.tbss.* .rel.gnu.linkonce.tb.*)

.rela.tbss
 *(.rela.tbss .rela.tbss.* .rela.gnu.linkonce.tb.*)

.rel.ctors
 *(.rel.ctors)

.rela.ctors
 *(.rela.ctors)

.rel.dtors
 *(.rel.dtors)

.rela.dtors
 *(.rela.dtors)

.rel.got
 *(.rel.got)

.rela.got
 *(.rela.got)

.rela.got1
 *(.rela.got1)

.rela.got2      0x80004194        0x0
 *(.rela.got2)
 .rela.got2     0x00000000        0x0 c:/devkitpro/devkitppc/bin/../lib/gcc/powerpc-eabi/4.5.1/crtbegin.o

.rel.sdata
 *(.rel.sdata .rel.sdata.* .rel.gnu.linkonce.s.*)

.rela.sdata
 *(.rela.sdata .rela.sdata.* .rela.gnu.linkonce.s.*)

.rel.sbss
 *(.rel.sbss .rel.sbss.* .rel.gnu.linkonce.sb.*)

.rela.sbss
 *(.rela.sbss .rela.sbss.* .rel.gnu.linkonce.sb.*)

.rel.sdata2
 *(.rel.sdata2 .rel.sdata2.* .rel.gnu.linkonce.s2.*)

.rela.sdata2
 *(.rela.sdata2 .rela.sdata2.* .rela.gnu.linkonce.s2.*)

.rel.sbss2
 *(.rel.sbss2 .rel.sbss2.* .rel.gnu.linkonce.sb2.*)

.rela.sbss2
 *(.rela.sbss2 .rela.sbss2.* .rela.gnu.linkonce.sb2.*)

.rel.bss
 *(.rel.bss .rel.bss.* .rel.gnu.linkonce.b.*)

.rela.bss
 *(.rela.bss .rela.bss.* .rela.gnu.linkonce.b.*)

.rel.plt
 *(.rel.plt)

.rela.plt
 *(.rela.plt)

.text           0x800041a0    0x2dce0
 *(.text)
 .text          0x800041a0      0x168 c:/devkitpro/devkitppc/bin/../lib/gcc/powerpc-eabi/4.5.1/crtbegin.o
 .text          0x80004308       0x44 c:/devkitpro/devkitppc/bin/../lib/gcc/powerpc-eabi/4.5.1/../../../../powerpc-eabi/lib/crtmain.o
                0x8000430c                __crtmain
 *fill*         0x8000434c       0x14 00000000
 .text          0x80004360      0x4ec c:/devkitPro/libogc/lib/wii\libogc.a(lwp_handler.o)
                0x80004360                _cpu_context_save_fp
                0x800044a0                _cpu_context_restore_fp
                0x800045e0                _cpu_context_switch
                0x80004760                _cpu_context_save
                0x800047e0                _cpu_context_restore
 .text          0x8000484c      0x4b0 c:/devkitPro/libogc/lib/wii\libogc.a(system_asm.o)
                0x8000484c                __realmode
                0x80004864                __configBATS
                0x80004994                __InitFPRS
                0x80004ac0                __InitPS
                0x80004b1c                __InitCache
                0x80004b74                __InitSystem
                0x80004c0c                __flush_cache
                0x80004c40                __reset
                0x80004cb0                __InitBATS
                0x80004ccc                SYS_SwitchFiber
 .text          0x80004cfc      0x1ac c:/devkitPro/libogc/lib/wii\libogc.a(irq_handler.o)
                0x80004cfc                irq_exceptionhandler
 .text          0x80004ea8      0x4f0 c:/devkitPro/libogc/lib/wii\libogc.a(cache_asm.o)
                0x80004ea8                DCFlashInvalidate
                0x80004ebc                DCEnable
                0x80004ed0                DCDisable
                0x80004ee4                DCFreeze
                0x80004ef8                DCUnfreeze
                0x80004f0c                DCTouchLoad
                0x80004f14                DCBlockZero
                0x80004f1c                DCBlockStore
                0x80004f24                DCBlockFlush
                0x80004f2c                DCBlockInvalidate
                0x80004f34                DCInvalidateRange
                0x80004f64                DCFlushRange
                0x80004f98                DCStoreRange
                0x80004fcc                DCFlushRangeNoSync
                0x80004ffc                DCStoreRangeNoSync
                0x8000502c                DCZeroRange
                0x8000505c                DCTouchRange
                0x8000508c                ICInvalidateRange
                0x800050c4                ICFlashInvalidate
                0x800050d8                ICEnable
                0x800050ec                ICDisable
                0x80005100                ICFreeze
                0x80005114                ICUnfreeze
                0x80005128                ICBlockInvalidate
                0x80005130                ICSync
                0x80005138                L2Init
                0x80005180                L2Enable
                0x8000519c                L2Disable
                0x800051b4                L2GlobalInvalidate
                0x8000520c                __LCEnable
                0x800052d4                LCDisable
                0x800052fc                LCAllocOneTag
                0x80005310                LCAllocTags
                0x80005350                LCLoadBlocks
                0x80005374                LCStoreBlocks
 .text          0x80005398      0x1ac c:/devkitPro/libogc/lib/wii\libogc.a(decrementer_handler.o)
                0x80005398                dec_exceptionhandler
 .text          0x80005544      0x35c c:/devkitPro/libogc/lib/wii\libogc.a(exception_handler.o)
                0x80005544                exceptionhandler_start
                0x800055c0                exceptionhandler_patch
                0x800055f4                exceptionhandler_end
                0x800055f8                default_exceptionhandler
                0x80005728                fpu_exceptionhandler
                0x80005870                systemcallhandler_start
                0x8000589c                systemcallhandler_end
 .text          0x800058a0       0x40 c:/devkitpro/devkitppc/bin/../lib/gcc/powerpc-eabi/4.5.1\libgcc.a(_ashldi3.o)
                0x800058a0                __ashldi3
 .text          0x800058e0      0x3f0 c:/devkitpro/devkitppc/bin/../lib/gcc/powerpc-eabi/4.5.1\libgcc.a(_udivdi3.o)
                0x800058e0                __udivdi3
 .text          0x80005cd0      0x3c0 c:/devkitpro/devkitppc/bin/../lib/gcc/powerpc-eabi/4.5.1\libgcc.a(_umoddi3.o)
                0x80005cd0                __umoddi3
 .text          0x80006090       0x48 c:/devkitpro/devkitppc/bin/../lib/gcc/powerpc-eabi/4.5.1\libgcc.a(eabi.o)
                0x80006090                __eabi
 .text          0x800060d8       0x4c c:/devkitpro/devkitppc/bin/../lib/gcc/powerpc-eabi/4.5.1\libgcc.a(crtsavfpr.o)
                0x800060d8                _savefpr_14
                0x800060dc                _savefpr_15
                0x800060e0                _savefpr_16
                0x800060e4                _savefpr_17
                0x800060e8                _savefpr_18
                0x800060ec                _savefpr_19
                0x800060f0                _savefpr_20
                0x800060f4                _savefpr_21
                0x800060f8                _savefpr_22
                0x800060fc                _savefpr_23
                0x80006100                _savefpr_24
                0x80006104                _savefpr_25
                0x80006108                _savefpr_26
                0x8000610c                _savefpr_27
                0x80006110                _savefpr_28
                0x80006114                _savefpr_29
                0x80006118                _savefpr_30
                0x8000611c                _savefpr_31
 .text          0x80006124       0x4c c:/devkitpro/devkitppc/bin/../lib/gcc/powerpc-eabi/4.5.1\libgcc.a(crtsavgpr.o)
                0x80006124                _savegpr_14
                0x80006128                _savegpr_15
                0x8000612c                _savegpr_16
                0x80006130                _savegpr_17
                0x80006134                _savegpr_18
                0x80006138                _savegpr_19
                0x8000613c                _savegpr_20
                0x80006140                _savegpr_21
                0x80006144                _savegpr_22
                0x80006148                _savegpr_23
                0x8000614c                _savegpr_24
                0x80006150                _savegpr_25
                0x80006154                _savegpr_26
                0x80006158                _savegpr_27
                0x8000615c                _savegpr_28
                0x80006160                _savegpr_29
                0x80006164                _savegpr_30
                0x80006168                _savegpr_31
 .text          0x80006170       0x4c c:/devkitpro/devkitppc/bin/../lib/gcc/powerpc-eabi/4.5.1\libgcc.a(crtresgpr.o)
                0x80006170                _restgpr_14
                0x80006174                _restgpr_15
                0x80006178                _restgpr_16
                0x8000617c                _restgpr_17
                0x80006180                _restgpr_18
                0x80006184                _restgpr_19
                0x80006188                _restgpr_20
                0x8000618c                _restgpr_21
                0x80006190                _restgpr_22
                0x80006194                _restgpr_23
                0x80006198                _restgpr_24
                0x8000619c                _restgpr_25
                0x800061a0                _restgpr_26
                0x800061a4                _restgpr_27
                0x800061a8                _restgpr_28
                0x800061ac                _restgpr_29
                0x800061b0                _restgpr_30
                0x800061b4                _restgpr_31
 .text          0x800061bc       0x58 c:/devkitpro/devkitppc/bin/../lib/gcc/powerpc-eabi/4.5.1\libgcc.a(crtresxfpr.o)
                0x800061bc                _restfpr_14_x
                0x800061c0                _restfpr_15_x
                0x800061c4                _restfpr_16_x
                0x800061c8                _restfpr_17_x
                0x800061cc                _restfpr_18_x
                0x800061d0                _restfpr_19_x
                0x800061d4                _restfpr_20_x
                0x800061d8                _restfpr_21_x
                0x800061dc                _restfpr_22_x
                0x800061e0                _restfpr_23_x
                0x800061e4                _restfpr_24_x
                0x800061e8                _restfpr_25_x
                0x800061ec                _restfpr_26_x
                0x800061f0                _restfpr_27_x
                0x800061f4                _restfpr_28_x
                0x800061f8                _restfpr_29_x
                0x800061fc                _restfpr_30_x
                0x80006200                _restfpr_31_x
 .text          0x80006214       0x58 c:/devkitpro/devkitppc/bin/../lib/gcc/powerpc-eabi/4.5.1\libgcc.a(crtresxgpr.o)
                0x80006214                _restgpr_14_x
                0x80006218                _restgpr_15_x
                0x8000621c                _restgpr_16_x
                0x80006220                _restgpr_17_x
                0x80006224                _restgpr_18_x
                0x80006228                _restgpr_19_x
                0x8000622c                _restgpr_20_x
                0x80006230                _restgpr_21_x
                0x80006234                _restgpr_22_x
                0x80006238                _restgpr_23_x
                0x8000623c                _restgpr_24_x
                0x80006240                _restgpr_25_x
                0x80006244                _restgpr_26_x
                0x80006248                _restgpr_27_x
                0x8000624c                _restgpr_28_x
                0x80006250                _restgpr_29_x
                0x80006254                _restgpr_30_x
                0x80006258                _restgpr_31_x
 .text          0x8000626c       0x28 c:/devkitpro/devkitppc/bin/../lib/gcc/powerpc-eabi/4.5.1/../../../../powerpc-eabi/lib\libsysbase.a(abort.o)
                0x8000626c                abort
 .text          0x80006294      0x2ec c:/devkitpro/devkitppc/bin/../lib/gcc/powerpc-eabi/4.5.1/../../../../powerpc-eabi/lib\libsysbase.a(iosupport.o)
                0x80006294                setDefaultDevice
                0x800062ac                FindDevice
                0x800063d0                RemoveDevice
                0x80006420                AddDevice
                0x8000653c                GetDeviceOpTab
 .text          0x80006580       0x28 c:/devkitpro/devkitppc/bin/../lib/gcc/powerpc-eabi/4.5.1/../../../../powerpc-eabi/lib\libsysbase.a(_exit.o)
                0x80006580                _exit
 .text          0x800065a8       0xa0 c:/devkitpro/devkitppc/bin/../lib/gcc/powerpc-eabi/4.5.1/../../../../powerpc-eabi/lib\libsysbase.a(build_argv.o)
                0x800065a8                build_argv
 .text          0x80006648      0x168 c:/devkitpro/devkitppc/bin/../lib/gcc/powerpc-eabi/4.5.1/../../../../powerpc-eabi/lib\libsysbase.a(syscall_support.o)
                0x80006648                __libc_lock_init
                0x80006688                __libc_lock_close
                0x800066c8                __libc_lock_release
                0x80006708                __libc_lock_acquire
                0x80006748                __malloc_lock
                0x8000677c                __malloc_unlock
 .text          0x800067b0       0x9c c:/devkitpro/devkitppc/bin/../lib/gcc/powerpc-eabi/4.5.1/../../../../powerpc-eabi/lib\libsysbase.a(close.o)
                0x800067b0                _close_r
 .text          0x8000684c       0xc8 c:/devkitpro/devkitppc/bin/../lib/gcc/powerpc-eabi/4.5.1/../../../../powerpc-eabi/lib\libsysbase.a(fstat.o)
                0x8000684c                _fstat_r
 .text          0x80006914        0x8 c:/devkitpro/devkitppc/bin/../lib/gcc/powerpc-eabi/4.5.1/../../../../powerpc-eabi/lib\libsysbase.a(isatty.o)
                0x80006914                _isatty_r
 .text          0x8000691c       0xcc c:/devkitpro/devkitppc/bin/../lib/gcc/powerpc-eabi/4.5.1/../../../../powerpc-eabi/lib\libsysbase.a(lseek.o)
                0x8000691c                _lseek_r
 .text          0x800069e8       0xac c:/devkitpro/devkitppc/bin/../lib/gcc/powerpc-eabi/4.5.1/../../../../powerpc-eabi/lib\libsysbase.a(read.o)
                0x800069e8                _read_r
 .text          0x80006a94       0x50 c:/devkitpro/devkitppc/bin/../lib/gcc/powerpc-eabi/4.5.1/../../../../powerpc-eabi/lib\libsysbase.a(sbrk.o)
                0x80006a94                _sbrk_r
 .text          0x80006ae4       0xac c:/devkitpro/devkitppc/bin/../lib/gcc/powerpc-eabi/4.5.1/../../../../powerpc-eabi/lib\libsysbase.a(write.o)
                0x80006ae4                _write_r
 .text          0x80006b90       0x6c c:/devkitpro/devkitppc/bin/../lib/gcc/powerpc-eabi/4.5.1/../../../../powerpc-eabi/lib\libsysbase.a(flock.o)
                0x80006b90                __flockfile
                0x80006bd8                __funlockfile
 .text          0x80006bfc      0x174 c:/devkitpro/devkitppc/bin/../lib/gcc/powerpc-eabi/4.5.1/../../../../powerpc-eabi/lib\libsysbase.a(handle_manager.o)
                0x80006bfc                __release_handle
                0x80006c58                __alloc_handle
                0x80006d4c                __get_handle
 .text          0x80006d70       0x6c c:/devkitpro/devkitppc/bin/../lib/gcc/powerpc-eabi/4.5.1/crtend.o
 *(.text.*)
 .text.main     0x80006ddc      0x14c main.o
                0x80006ddc                main
 .text.Reboot   0x80006f28       0x48 tools.o
                0x80006f28                Reboot
 .text.waitforbuttonpress
                0x80006f70      0x104 tools.o
                0x80006f70                waitforbuttonpress
 .text.set_highlight
                0x80007074       0xa0 tools.o
                0x80007074                set_highlight
 .text.__wpad_assign_slot
                0x80007114      0x22c c:/devkitPro/libogc/lib/wii\libwiiuse.a(wpad.o)
                0x80007114                __wpad_assign_slot
 .text.__wpad_disconnectCB
                0x80007340       0xe8 c:/devkitPro/libogc/lib/wii\libwiiuse.a(wpad.o)
                0x80007340                __wpad_disconnectCB
 .text.__wpad_disconnect
                0x80007428       0x44 c:/devkitPro/libogc/lib/wii\libwiiuse.a(wpad.o)
 .text.__wpad_timeouthandler
                0x8000746c       0x94 c:/devkitPro/libogc/lib/wii\libwiiuse.a(wpad.o)
 .text.__wpad_def_powcb
                0x80007500       0x20 c:/devkitPro/libogc/lib/wii\libwiiuse.a(wpad.o)
 .text.__wpad_setfmt
                0x80007520       0xf0 c:/devkitPro/libogc/lib/wii\libwiiuse.a(wpad.o)
 .text.__initcore_finished
                0x80007610       0x40 c:/devkitPro/libogc/lib/wii\libwiiuse.a(wpad.o)
 .text.__readlinkkey_finished
                0x80007650       0x30 c:/devkitPro/libogc/lib/wii\libwiiuse.a(wpad.o)
 .text.__wpad_patch_finished
                0x80007680       0x2c c:/devkitPro/libogc/lib/wii\libwiiuse.a(wpad.o)
 .text.__wpad_init_finished
                0x800076ac      0x138 c:/devkitPro/libogc/lib/wii\libwiiuse.a(wpad.o)
 .text.__wpad_eventCB
                0x800077e4      0xa20 c:/devkitPro/libogc/lib/wii\libwiiuse.a(wpad.o)
 .text.WPAD_ReadEvent
                0x80008204      0x5dc c:/devkitPro/libogc/lib/wii\libwiiuse.a(wpad.o)
                0x80008204                WPAD_ReadEvent
 .text.WPAD_ReadPending
                0x800087e0      0x108 c:/devkitPro/libogc/lib/wii\libwiiuse.a(wpad.o)
                0x800087e0                WPAD_ReadPending
 .text.WPAD_Shutdown
                0x800088e8       0xc4 c:/devkitPro/libogc/lib/wii\libwiiuse.a(wpad.o)
                0x800088e8                WPAD_Shutdown
 .text.WPAD_Init
                0x800089ac      0x26c c:/devkitPro/libogc/lib/wii\libwiiuse.a(wpad.o)
                0x800089ac                WPAD_Init
 .text.__wpad_onreset
                0x80008c18       0x2c c:/devkitPro/libogc/lib/wii\libwiiuse.a(wpad.o)
 .text.WPAD_ScanPads
                0x80008c44        0xc c:/devkitPro/libogc/lib/wii\libwiiuse.a(wpad.o)
                0x80008c44                WPAD_ScanPads
 .text.WPAD_ButtonsDown
                0x80008c50       0x28 c:/devkitPro/libogc/lib/wii\libwiiuse.a(wpad.o)
                0x80008c50                WPAD_ButtonsDown
 .text.motion_plus_disconnected
                0x80008c78       0x10 c:/devkitPro/libogc/lib/wii\libwiiuse.a(motion_plus.o)
                0x80008c78                motion_plus_disconnected
 .text.motion_plus_event
                0x80008c88       0x64 c:/devkitPro/libogc/lib/wii\libwiiuse.a(motion_plus.o)
                0x80008c88                motion_plus_event
 .text.calculate_gforce
                0x80008cec      0x114 c:/devkitPro/libogc/lib/wii\libwiiuse.a(dynamics.o)
                0x80008cec                calculate_gforce
 .text.calc_joystick_state
                0x80008e00      0x224 c:/devkitPro/libogc/lib/wii\libwiiuse.a(dynamics.o)
                0x80008e00                calc_joystick_state
 .text.apply_smoothing
                0x80009024      0x148 c:/devkitPro/libogc/lib/wii\libwiiuse.a(dynamics.o)
                0x80009024                apply_smoothing
 .text.calculate_orientation
                0x8000916c      0x2a0 c:/devkitPro/libogc/lib/wii\libwiiuse.a(dynamics.o)
                0x8000916c                calculate_orientation
 .text.calc_balanceboard_state
                0x8000940c      0x35c c:/devkitPro/libogc/lib/wii\libwiiuse.a(dynamics.o)
                0x8000940c                calc_balanceboard_state
 .text.wiiuse_handshake_expansion
                0x80009768      0x248 c:/devkitPro/libogc/lib/wii\libwiiuse.a(io.o)
                0x80009768                wiiuse_handshake_expansion
 .text.wiiuse_handshake
                0x800099b0      0x150 c:/devkitPro/libogc/lib/wii\libwiiuse.a(io.o)
                0x800099b0                wiiuse_handshake
 .text.wiiuse_handshake_expansion_start
                0x80009b00       0x24 c:/devkitPro/libogc/lib/wii\libwiiuse.a(io.o)
                0x80009b00                wiiuse_handshake_expansion_start
 .text.wiiuse_disable_expansion
                0x80009b24       0xc0 c:/devkitPro/libogc/lib/wii\libwiiuse.a(io.o)
                0x80009b24                wiiuse_disable_expansion
 .text.__wiiuse_disconnected
                0x80009be4       0x90 c:/devkitPro/libogc/lib/wii\libwiiuse.a(io_wii.o)
 .text.__wiiuse_sent
                0x80009c74       0x94 c:/devkitPro/libogc/lib/wii\libwiiuse.a(io_wii.o)
 .text.__wiiuse_connected
                0x80009d08       0x7c c:/devkitPro/libogc/lib/wii\libwiiuse.a(io_wii.o)
 .text.__wiiuse_receive
                0x80009d84       0x8c c:/devkitPro/libogc/lib/wii\libwiiuse.a(io_wii.o)
 .text.__wiiuse_sensorbar_enable
                0x80009e10       0x50 c:/devkitPro/libogc/lib/wii\libwiiuse.a(io_wii.o)
                0x80009e10                __wiiuse_sensorbar_enable
 .text.wiiuse_register
                0x80009e60       0xa4 c:/devkitPro/libogc/lib/wii\libwiiuse.a(io_wii.o)
                0x80009e60                wiiuse_register
 .text.wiiuse_disconnect
                0x80009f04       0x40 c:/devkitPro/libogc/lib/wii\libwiiuse.a(io_wii.o)
                0x80009f04                wiiuse_disconnect
 .text.wiiuse_init_cmd_queue
                0x80009f44       0x84 c:/devkitPro/libogc/lib/wii\libwiiuse.a(io_wii.o)
                0x80009f44                wiiuse_init_cmd_queue
 .text.wiiuse_io_write
                0x80009fc8       0x40 c:/devkitPro/libogc/lib/wii\libwiiuse.a(io_wii.o)
                0x80009fc8                wiiuse_io_write
 .text.rotate_dots
                0x8000a008      0x10c c:/devkitPro/libogc/lib/wii\libwiiuse.a(ir.o)
 .text.wiiuse_set_ir_mode
                0x8000a114       0x60 c:/devkitPro/libogc/lib/wii\libwiiuse.a(ir.o)
                0x8000a114                wiiuse_set_ir_mode
 .text.wiiuse_set_ir
                0x8000a174      0x208 c:/devkitPro/libogc/lib/wii\libwiiuse.a(ir.o)
                0x8000a174                wiiuse_set_ir
 .text.wiiuse_set_ir_position
                0x8000a37c       0x78 c:/devkitPro/libogc/lib/wii\libwiiuse.a(ir.o)
                0x8000a37c                wiiuse_set_ir_position
 .text.wiiuse_set_aspect_ratio
                0x8000a3f4       0x3c c:/devkitPro/libogc/lib/wii\libwiiuse.a(ir.o)
                0x8000a3f4                wiiuse_set_aspect_ratio
 .text.wiiuse_set_ir_sensitivity
                0x8000a430      0x178 c:/devkitPro/libogc/lib/wii\libwiiuse.a(ir.o)
                0x8000a430                wiiuse_set_ir_sensitivity
 .text.calculate_basic_ir
                0x8000a5a8       0xe8 c:/devkitPro/libogc/lib/wii\libwiiuse.a(ir.o)
                0x8000a5a8                calculate_basic_ir
 .text.calculate_extended_ir
                0x8000a690       0x70 c:/devkitPro/libogc/lib/wii\libwiiuse.a(ir.o)
                0x8000a690                calculate_extended_ir
 .text.find_sensorbar
                0x8000a700      0x838 c:/devkitPro/libogc/lib/wii\libwiiuse.a(ir.o)
                0x8000a700                find_sensorbar
 .text.apply_ir_smoothing
                0x8000af38       0xd4 c:/devkitPro/libogc/lib/wii\libwiiuse.a(ir.o)
                0x8000af38                apply_ir_smoothing
 .text.calc_yaw
                0x8000b00c       0x54 c:/devkitPro/libogc/lib/wii\libwiiuse.a(ir.o)
                0x8000b00c                calc_yaw
 .text.interpret_ir_data
                0x8000b060      0x36c c:/devkitPro/libogc/lib/wii\libwiiuse.a(ir.o)
                0x8000b060                interpret_ir_data
 .text.nunchuk_handshake
                0x8000b3cc      0x228 c:/devkitPro/libogc/lib/wii\libwiiuse.a(nunchuk.o)
                0x8000b3cc                nunchuk_handshake
 .text.nunchuk_disconnected
                0x8000b5f4       0x28 c:/devkitPro/libogc/lib/wii\libwiiuse.a(nunchuk.o)
                0x8000b5f4                nunchuk_disconnected
 .text.nunchuk_event
                0x8000b61c       0xe4 c:/devkitPro/libogc/lib/wii\libwiiuse.a(nunchuk.o)
                0x8000b61c                nunchuk_event
 .text.wii_board_handshake
                0x8000b700      0x170 c:/devkitPro/libogc/lib/wii\libwiiuse.a(wiiboard.o)
                0x8000b700                wii_board_handshake
 .text.wii_board_disconnected
                0x8000b870       0x28 c:/devkitPro/libogc/lib/wii\libwiiuse.a(wiiboard.o)
                0x8000b870                wii_board_disconnected
 .text.wii_board_event
                0x8000b898       0x54 c:/devkitPro/libogc/lib/wii\libwiiuse.a(wiiboard.o)
                0x8000b898                wii_board_event
 .text.wiiuse_send_next_command
                0x8000b8ec       0x6c c:/devkitPro/libogc/lib/wii\libwiiuse.a(wiiuse.o)
                0x8000b8ec                wiiuse_send_next_command
 .text.__wiiuse_push_command
                0x8000b958       0x94 c:/devkitPro/libogc/lib/wii\libwiiuse.a(wiiuse.o)
 .text.wiiuse_init
                0x8000b9ec      0x154 c:/devkitPro/libogc/lib/wii\libwiiuse.a(wiiuse.o)
                0x8000b9ec                wiiuse_init
 .text.wiiuse_set_flags
                0x8000bb40       0x24 c:/devkitPro/libogc/lib/wii\libwiiuse.a(wiiuse.o)
                0x8000bb40                wiiuse_set_flags
 .text.wiiuse_read_data
                0x8000bb64       0x98 c:/devkitPro/libogc/lib/wii\libwiiuse.a(wiiuse.o)
                0x8000bb64                wiiuse_read_data
 .text.wiiuse_write_data
                0x8000bbfc       0xc0 c:/devkitPro/libogc/lib/wii\libwiiuse.a(wiiuse.o)
                0x8000bbfc                wiiuse_write_data
 .text.wiiuse_sendcmd
                0x8000bcbc       0x74 c:/devkitPro/libogc/lib/wii\libwiiuse.a(wiiuse.o)
                0x8000bcbc                wiiuse_sendcmd
 .text.wiiuse_status
                0x8000bd30       0x4c c:/devkitPro/libogc/lib/wii\libwiiuse.a(wiiuse.o)
                0x8000bd30                wiiuse_status
 .text.wiiuse_motion_sensing
                0x8000bd7c       0x40 c:/devkitPro/libogc/lib/wii\libwiiuse.a(wiiuse.o)
                0x8000bd7c                wiiuse_motion_sensing
 .text.wiiuse_set_report_type
                0x8000bdbc       0xd4 c:/devkitPro/libogc/lib/wii\libwiiuse.a(wiiuse.o)
                0x8000bdbc                wiiuse_set_report_type
 .text.wiiuse_set_leds
                0x8000be90       0x50 c:/devkitPro/libogc/lib/wii\libwiiuse.a(wiiuse.o)
                0x8000be90                wiiuse_set_leds
 .text.wiiuse_set_speaker
                0x8000bee0      0x1e4 c:/devkitPro/libogc/lib/wii\libwiiuse.a(speaker.o)
                0x8000bee0                wiiuse_set_speaker
 .text.classic_ctrl_handshake
                0x8000c0c4      0x194 c:/devkitPro/libogc/lib/wii\libwiiuse.a(classic.o)
                0x8000c0c4                classic_ctrl_handshake
 .text.classic_ctrl_disconnected
                0x8000c258       0x28 c:/devkitPro/libogc/lib/wii\libwiiuse.a(classic.o)
                0x8000c258                classic_ctrl_disconnected
 .text.classic_ctrl_event
                0x8000c280       0xa4 c:/devkitPro/libogc/lib/wii\libwiiuse.a(classic.o)
                0x8000c280                classic_ctrl_event
 .text.handle_expansion
                0x8000c324       0x70 c:/devkitPro/libogc/lib/wii\libwiiuse.a(events.o)
 .text.wiiuse_pressed_buttons
                0x8000c394       0x2c c:/devkitPro/libogc/lib/wii\libwiiuse.a(events.o)
                0x8000c394                wiiuse_pressed_buttons
 .text.parse_event
                0x8000c3c0      0x4fc c:/devkitPro/libogc/lib/wii\libwiiuse.a(events.o)
                0x8000c3c0                parse_event
 .text.guitar_hero_3_handshake
                0x8000c8bc       0x68 c:/devkitPro/libogc/lib/wii\libwiiuse.a(guitar_hero_3.o)
                0x8000c8bc                guitar_hero_3_handshake
 .text.guitar_hero_3_disconnected
                0x8000c924       0x28 c:/devkitPro/libogc/lib/wii\libwiiuse.a(guitar_hero_3.o)
                0x8000c924                guitar_hero_3_disconnected
 .text.guitar_hero_3_event
                0x8000c94c       0x68 c:/devkitPro/libogc/lib/wii\libwiiuse.a(guitar_hero_3.o)
                0x8000c94c                guitar_hero_3_event
 .text.acl_wlp_completed
                0x8000c9b4        0x8 c:/devkitPro/libogc/lib/wii\libbte.a(bte.o)
                0x8000c9b4                acl_wlp_completed
 .text.__bte_cmdfinish
                0x8000c9bc       0x9c c:/devkitPro/libogc/lib/wii\libbte.a(bte.o)
 .text.bte_hci_initsub_complete
                0x8000ca58      0x12c c:/devkitPro/libogc/lib/wii\libbte.a(bte.o)
                0x8000ca58                bte_hci_initsub_complete
 .text.bte_hci_initcore_complete2
                0x8000cb84       0xf0 c:/devkitPro/libogc/lib/wii\libbte.a(bte.o)
                0x8000cb84                bte_hci_initcore_complete2
 .text.bte_hci_patch_complete
                0x8000cc74      0x1b0 c:/devkitPro/libogc/lib/wii\libbte.a(bte.o)
                0x8000cc74                bte_hci_patch_complete
 .text.bte_hci_apply_patch_complete
                0x8000ce24       0xac c:/devkitPro/libogc/lib/wii\libbte.a(bte.o)
                0x8000ce24                bte_hci_apply_patch_complete
 .text.bte_hci_initcore_complete
                0x8000ced0      0x158 c:/devkitPro/libogc/lib/wii\libbte.a(bte.o)
                0x8000ced0                bte_hci_initcore_complete
 .text.bte_read_stored_link_key_complete
                0x8000d028      0x108 c:/devkitPro/libogc/lib/wii\libbte.a(bte.o)
                0x8000d028                bte_read_stored_link_key_complete
 .text.l2cap_accepted
                0x8000d130       0xdc c:/devkitPro/libogc/lib/wii\libbte.a(bte.o)
                0x8000d130                l2cap_accepted
 .text.__bte_close_ctrl_queue
                0x8000d20c       0x80 c:/devkitPro/libogc/lib/wii\libbte.a(bte.o)
 .text.l2cap_disconnected_ind
                0x8000d28c       0xb8 c:/devkitPro/libogc/lib/wii\libbte.a(bte.o)
                0x8000d28c                l2cap_disconnected_ind
 .text.__bte_send_pending_request
                0x8000d344       0xb8 c:/devkitPro/libogc/lib/wii\libbte.a(bte.o)
 .text.bte_process_input
                0x8000d3fc       0xf4 c:/devkitPro/libogc/lib/wii\libbte.a(bte.o)
 .text.__bte_send_request
                0x8000d4f0       0x9c c:/devkitPro/libogc/lib/wii\libbte.a(bte.o)
 .text.l2cap_disconnect_cfm
                0x8000d58c       0xe0 c:/devkitPro/libogc/lib/wii\libbte.a(bte.o)
                0x8000d58c                l2cap_disconnect_cfm
 .text.acl_conn_complete
                0x8000d66c       0x2c c:/devkitPro/libogc/lib/wii\libbte.a(bte.o)
                0x8000d66c                acl_conn_complete
 .text.__bte_shutdown_finished
                0x8000d698       0x5c c:/devkitPro/libogc/lib/wii\libbte.a(bte.o)
 .text.bt_alarmhandler
                0x8000d6f4       0x60 c:/devkitPro/libogc/lib/wii\libbte.a(bte.o)
 .text.__bte_waitcmdfinish.clone.1
                0x8000d754       0x78 c:/devkitPro/libogc/lib/wii\libbte.a(bte.o)
 .text.BTE_Init
                0x8000d7cc      0x110 c:/devkitPro/libogc/lib/wii\libbte.a(bte.o)
                0x8000d7cc                BTE_Init
 .text.BTE_Shutdown
                0x8000d8dc       0x94 c:/devkitPro/libogc/lib/wii\libbte.a(bte.o)
                0x8000d8dc                BTE_Shutdown
 .text.BTE_InitCore
                0x8000d970       0x7c c:/devkitPro/libogc/lib/wii\libbte.a(bte.o)
                0x8000d970                BTE_InitCore
 .text.BTE_ApplyPatch
                0x8000d9ec       0x98 c:/devkitPro/libogc/lib/wii\libbte.a(bte.o)
                0x8000d9ec                BTE_ApplyPatch
 .text.BTE_InitSub
                0x8000da84       0x80 c:/devkitPro/libogc/lib/wii\libbte.a(bte.o)
                0x8000da84                BTE_InitSub
 .text.BTE_ReadStoredLinkKey
                0x8000db04       0x80 c:/devkitPro/libogc/lib/wii\libbte.a(bte.o)
                0x8000db04                BTE_ReadStoredLinkKey
 .text.BTE_SetDisconnectCallback
                0x8000db84       0x20 c:/devkitPro/libogc/lib/wii\libbte.a(bte.o)
                0x8000db84                BTE_SetDisconnectCallback
 .text.bte_new  0x8000dba4       0x4c c:/devkitPro/libogc/lib/wii\libbte.a(bte.o)
                0x8000dba4                bte_new
 .text.bte_registerdeviceasync
                0x8000dbf0      0x124 c:/devkitPro/libogc/lib/wii\libbte.a(bte.o)
                0x8000dbf0                bte_registerdeviceasync
 .text.bte_disconnect
                0x8000dd14       0x9c c:/devkitPro/libogc/lib/wii\libbte.a(bte.o)
                0x8000dd14                bte_disconnect
 .text.bte_sendmessageasync
                0x8000ddb0       0xdc c:/devkitPro/libogc/lib/wii\libbte.a(bte.o)
                0x8000ddb0                bte_sendmessageasync
 .text.bte_arg  0x8000de8c       0x3c c:/devkitPro/libogc/lib/wii\libbte.a(bte.o)
                0x8000de8c                bte_arg
 .text.bte_received
                0x8000dec8       0x3c c:/devkitPro/libogc/lib/wii\libbte.a(bte.o)
                0x8000dec8                bte_received
 .text.bte_disconnected
                0x8000df04       0x3c c:/devkitPro/libogc/lib/wii\libbte.a(bte.o)
                0x8000df04                bte_disconnected
 .text.hci_init
                0x8000df40       0x78 c:/devkitPro/libogc/lib/wii\libbte.a(hci.o)
                0x8000df40                hci_init
 .text.hci_new  0x8000dfb8       0x3c c:/devkitPro/libogc/lib/wii\libbte.a(hci.o)
                0x8000dfb8                hci_new
 .text.hci_get_link
                0x8000dff4       0x7c c:/devkitPro/libogc/lib/wii\libbte.a(hci.o)
                0x8000dff4                hci_get_link
 .text.hci_close
                0x8000e070       0xcc c:/devkitPro/libogc/lib/wii\libbte.a(hci.o)
                0x8000e070                hci_close
 .text.hci_reset_all
                0x8000e13c       0x9c c:/devkitPro/libogc/lib/wii\libbte.a(hci.o)
                0x8000e13c                hci_reset_all
 .text.hci_arg  0x8000e1d8        0xc c:/devkitPro/libogc/lib/wii\libbte.a(hci.o)
                0x8000e1d8                hci_arg
 .text.hci_cmd_complete
                0x8000e1e4        0xc c:/devkitPro/libogc/lib/wii\libbte.a(hci.o)
                0x8000e1e4                hci_cmd_complete
 .text.hci_connection_complete
                0x8000e1f0        0xc c:/devkitPro/libogc/lib/wii\libbte.a(hci.o)
                0x8000e1f0                hci_connection_complete
 .text.hci_wlp_complete
                0x8000e1fc        0xc c:/devkitPro/libogc/lib/wii\libbte.a(hci.o)
                0x8000e1fc                hci_wlp_complete
 .text.hci_cmd_ass
                0x8000e208       0x48 c:/devkitPro/libogc/lib/wii\libbte.a(hci.o)
                0x8000e208                hci_cmd_ass
 .text.hci_reset
                0x8000e250       0x64 c:/devkitPro/libogc/lib/wii\libbte.a(hci.o)
                0x8000e250                hci_reset
 .text.hci_read_buffer_size
                0x8000e2b4       0x64 c:/devkitPro/libogc/lib/wii\libbte.a(hci.o)
                0x8000e2b4                hci_read_buffer_size
 .text.hci_read_bd_addr
                0x8000e318       0x64 c:/devkitPro/libogc/lib/wii\libbte.a(hci.o)
                0x8000e318                hci_read_bd_addr
 .text.hci_read_local_version
                0x8000e37c       0x64 c:/devkitPro/libogc/lib/wii\libbte.a(hci.o)
                0x8000e37c                hci_read_local_version
 .text.hci_read_local_features
                0x8000e3e0       0x64 c:/devkitPro/libogc/lib/wii\libbte.a(hci.o)
                0x8000e3e0                hci_read_local_features
 .text.hci_read_stored_link_key
                0x8000e444       0xac c:/devkitPro/libogc/lib/wii\libbte.a(hci.o)
                0x8000e444                hci_read_stored_link_key
 .text.hci_write_page_timeout
                0x8000e4f0       0x7c c:/devkitPro/libogc/lib/wii\libbte.a(hci.o)
                0x8000e4f0                hci_write_page_timeout
 .text.hci_write_scan_enable
                0x8000e56c       0x6c c:/devkitPro/libogc/lib/wii\libbte.a(hci.o)
                0x8000e56c                hci_write_scan_enable
 .text.hci_accecpt_conn_request
                0x8000e5d8       0x80 c:/devkitPro/libogc/lib/wii\libbte.a(hci.o)
                0x8000e5d8                hci_accecpt_conn_request
 .text.hci_write_local_name
                0x8000e658       0x80 c:/devkitPro/libogc/lib/wii\libbte.a(hci.o)
                0x8000e658                hci_write_local_name
 .text.hci_write_pin_type
                0x8000e6d8       0x6c c:/devkitPro/libogc/lib/wii\libbte.a(hci.o)
                0x8000e6d8                hci_write_pin_type
 .text.hci_write_inquiry_mode
                0x8000e744       0x6c c:/devkitPro/libogc/lib/wii\libbte.a(hci.o)
                0x8000e744                hci_write_inquiry_mode
 .text.hci_write_page_scan_type
                0x8000e7b0       0x6c c:/devkitPro/libogc/lib/wii\libbte.a(hci.o)
                0x8000e7b0                hci_write_page_scan_type
 .text.hci_write_inquiry_scan_type
                0x8000e81c       0x6c c:/devkitPro/libogc/lib/wii\libbte.a(hci.o)
                0x8000e81c                hci_write_inquiry_scan_type
 .text.hci_vendor_specific_command
                0x8000e888       0x8c c:/devkitPro/libogc/lib/wii\libbte.a(hci.o)
                0x8000e888                hci_vendor_specific_command
 .text.hci_write_link_policy_settings
                0x8000e914       0xa0 c:/devkitPro/libogc/lib/wii\libbte.a(hci.o)
                0x8000e914                hci_write_link_policy_settings
 .text.hci_pin_code_request_neg_reply
                0x8000e9b4       0x74 c:/devkitPro/libogc/lib/wii\libbte.a(hci.o)
                0x8000e9b4                hci_pin_code_request_neg_reply
 .text.hci_disconnect
                0x8000ea28       0x98 c:/devkitPro/libogc/lib/wii\libbte.a(hci.o)
                0x8000ea28                hci_disconnect
 .text.hci_write_cod
                0x8000eac0       0x78 c:/devkitPro/libogc/lib/wii\libbte.a(hci.o)
                0x8000eac0                hci_write_cod
 .text.hci_host_buffer_size
                0x8000eb38       0xb4 c:/devkitPro/libogc/lib/wii\libbte.a(hci.o)
                0x8000eb38                hci_host_buffer_size
 .text.hci_host_num_comp_packets
                0x8000ebec       0xac c:/devkitPro/libogc/lib/wii\libbte.a(hci.o)
                0x8000ebec                hci_host_num_comp_packets
 .text.lp_pdu_maxsize
                0x8000ec98        0xc c:/devkitPro/libogc/lib/wii\libbte.a(hci.o)
                0x8000ec98                lp_pdu_maxsize
 .text.lp_acl_write
                0x8000eca4      0x118 c:/devkitPro/libogc/lib/wii\libbte.a(hci.o)
                0x8000eca4                lp_acl_write
 .text.lp_write_flush_timeout
                0x8000edbc       0xa0 c:/devkitPro/libogc/lib/wii\libbte.a(hci.o)
                0x8000edbc                lp_write_flush_timeout
 .text.hci_event_handler
                0x8000ee5c      0xa6c c:/devkitPro/libogc/lib/wii\libbte.a(hci.o)
                0x8000ee5c                hci_event_handler
 .text.hci_acldata_handler
                0x8000f8c8       0xdc c:/devkitPro/libogc/lib/wii\libbte.a(hci.o)
                0x8000f8c8                hci_acldata_handler
 .text.l2cap_cid_alloc
                0x8000f9a4       0x4c c:/devkitPro/libogc/lib/wii\libbte.a(l2cap.o)
 .text.l2cap_init
                0x8000f9f0       0x60 c:/devkitPro/libogc/lib/wii\libbte.a(l2cap.o)
                0x8000f9f0                l2cap_init
 .text.l2cap_write
                0x8000fa50       0xe8 c:/devkitPro/libogc/lib/wii\libbte.a(l2cap.o)
                0x8000fa50                l2cap_write
 .text.l2cap_new
                0x8000fb38       0x6c c:/devkitPro/libogc/lib/wii\libbte.a(l2cap.o)
                0x8000fb38                l2cap_new
 .text.l2cap_close
                0x8000fba4      0x17c c:/devkitPro/libogc/lib/wii\libbte.a(l2cap.o)
                0x8000fba4                l2cap_close
 .text.l2cap_reset_all
                0x8000fd20      0x104 c:/devkitPro/libogc/lib/wii\libbte.a(l2cap.o)
                0x8000fd20                l2cap_reset_all
 .text.l2cap_rexmit_signal
                0x8000fe24       0x10 c:/devkitPro/libogc/lib/wii\libbte.a(l2cap.o)
                0x8000fe24                l2cap_rexmit_signal
 .text.l2ca_datawrite
                0x8000fe34       0xe8 c:/devkitPro/libogc/lib/wii\libbte.a(l2cap.o)
                0x8000fe34                l2ca_datawrite
 .text.lp_connect_ind
                0x8000ff1c        0x4 c:/devkitPro/libogc/lib/wii\libbte.a(l2cap.o)
                0x8000ff1c                lp_connect_ind
 .text.lp_disconnect_ind
                0x8000ff20       0xe4 c:/devkitPro/libogc/lib/wii\libbte.a(l2cap.o)
                0x8000ff20                lp_disconnect_ind
 .text.l2cap_disconnect_bb
                0x80010004       0x10 c:/devkitPro/libogc/lib/wii\libbte.a(l2cap.o)
                0x80010004                l2cap_disconnect_bb
 .text.l2cap_next_sigid
                0x80010014       0x28 c:/devkitPro/libogc/lib/wii\libbte.a(l2cap.o)
                0x80010014                l2cap_next_sigid
 .text.l2cap_signal
                0x8001003c      0x188 c:/devkitPro/libogc/lib/wii\libbte.a(l2cap.o)
                0x8001003c                l2cap_signal
 .text.lp_connect_cfm
                0x800101c4      0x130 c:/devkitPro/libogc/lib/wii\libbte.a(l2cap.o)
                0x800101c4                lp_connect_cfm
 .text.l2ca_disconnect_req
                0x800102f4       0xac c:/devkitPro/libogc/lib/wii\libbte.a(l2cap.o)
                0x800102f4                l2ca_disconnect_req
 .text.l2cap_tmr
                0x800103a0      0x1e8 c:/devkitPro/libogc/lib/wii\libbte.a(l2cap.o)
                0x800103a0                l2cap_tmr
 .text.l2ca_config_req
                0x80010588      0x108 c:/devkitPro/libogc/lib/wii\libbte.a(l2cap.o)
                0x80010588                l2ca_config_req
 .text.l2cap_process_sig
                0x80010690     0x108c c:/devkitPro/libogc/lib/wii\libbte.a(l2cap.o)
                0x80010690                l2cap_process_sig
 .text.l2cap_input
                0x8001171c      0x518 c:/devkitPro/libogc/lib/wii\libbte.a(l2cap.o)
                0x8001171c                l2cap_input
 .text.l2cap_arg
                0x80011c34        0x8 c:/devkitPro/libogc/lib/wii\libbte.a(l2cap.o)
                0x80011c34                l2cap_arg
 .text.l2cap_connect_ind
                0x80011c3c       0xd8 c:/devkitPro/libogc/lib/wii\libbte.a(l2cap.o)
                0x80011c3c                l2cap_connect_ind
 .text.l2cap_disconnect_ind
                0x80011d14        0x8 c:/devkitPro/libogc/lib/wii\libbte.a(l2cap.o)
                0x80011d14                l2cap_disconnect_ind
 .text.l2cap_recv
                0x80011d1c        0x8 c:/devkitPro/libogc/lib/wii\libbte.a(l2cap.o)
                0x80011d1c                l2cap_recv
 .text.btmemb_init
                0x80011d24       0x40 c:/devkitPro/libogc/lib/wii\libbte.a(btmemb.o)
                0x80011d24                btmemb_init
 .text.btmemb_alloc
                0x80011d64       0x9c c:/devkitPro/libogc/lib/wii\libbte.a(btmemb.o)
                0x80011d64                btmemb_alloc
 .text.btmemb_free
                0x80011e00       0xa4 c:/devkitPro/libogc/lib/wii\libbte.a(btmemb.o)
                0x80011e00                btmemb_free
 .text.plug_holes
                0x80011ea4       0xb0 c:/devkitPro/libogc/lib/wii\libbte.a(btmemr.o)
 .text.btmemr_init
                0x80011f54       0x8c c:/devkitPro/libogc/lib/wii\libbte.a(btmemr.o)
                0x80011f54                btmemr_init
 .text.btmemr_malloc
                0x80011fe0      0x160 c:/devkitPro/libogc/lib/wii\libbte.a(btmemr.o)
                0x80011fe0                btmemr_malloc
 .text.btmemr_free
                0x80012140       0x94 c:/devkitPro/libogc/lib/wii\libbte.a(btmemr.o)
                0x80012140                btmemr_free
 .text.btmemr_realloc
                0x800121d4       0xf0 c:/devkitPro/libogc/lib/wii\libbte.a(btmemr.o)
                0x800121d4                btmemr_realloc
 .text.btpbuf_init
                0x800122c4       0x2c c:/devkitPro/libogc/lib/wii\libbte.a(btpbuf.o)
                0x800122c4                btpbuf_init
 .text.btpbuf_free
                0x800122f0       0xc4 c:/devkitPro/libogc/lib/wii\libbte.a(btpbuf.o)
                0x800122f0                btpbuf_free
 .text.btpbuf_alloc
                0x800123b4      0x1d0 c:/devkitPro/libogc/lib/wii\libbte.a(btpbuf.o)
                0x800123b4                btpbuf_alloc
 .text.btpbuf_realloc
                0x80012584       0xa4 c:/devkitPro/libogc/lib/wii\libbte.a(btpbuf.o)
                0x80012584                btpbuf_realloc
 .text.btpbuf_header
                0x80012628       0x98 c:/devkitPro/libogc/lib/wii\libbte.a(btpbuf.o)
                0x80012628                btpbuf_header
 .text.btpbuf_ref
                0x800126c0       0x4c c:/devkitPro/libogc/lib/wii\libbte.a(btpbuf.o)
                0x800126c0                btpbuf_ref
 .text.btpbuf_cat
                0x8001270c       0x48 c:/devkitPro/libogc/lib/wii\libbte.a(btpbuf.o)
                0x8001270c                btpbuf_cat
 .text.btpbuf_chain
                0x80012754       0x34 c:/devkitPro/libogc/lib/wii\libbte.a(btpbuf.o)
                0x80012754                btpbuf_chain
 .text.btpbuf_dechain
                0x80012788       0x60 c:/devkitPro/libogc/lib/wii\libbte.a(btpbuf.o)
                0x80012788                btpbuf_dechain
 .text.btpbuf_take
                0x800127e8       0xe8 c:/devkitPro/libogc/lib/wii\libbte.a(btpbuf.o)
                0x800127e8                btpbuf_take
 .text.__usb_closeCB
                0x800128d0       0x10 c:/devkitPro/libogc/lib/wii\libbte.a(physbusif.o)
 .text.__writebulkmsgCB
                0x800128e0       0x34 c:/devkitPro/libogc/lib/wii\libbte.a(physbusif.o)
 .text.__writectrlmsgCB
                0x80012914       0x34 c:/devkitPro/libogc/lib/wii\libbte.a(physbusif.o)
 .text.__initUsbIOBuffer
                0x80012948       0x78 c:/devkitPro/libogc/lib/wii\libbte.a(physbusif.o)
 .text.__issue_intrread
                0x800129c0       0x88 c:/devkitPro/libogc/lib/wii\libbte.a(physbusif.o)
 .text.__readintrdataCB
                0x80012a48       0xdc c:/devkitPro/libogc/lib/wii\libbte.a(physbusif.o)
 .text.__issue_bulkread
                0x80012b24       0x88 c:/devkitPro/libogc/lib/wii\libbte.a(physbusif.o)
 .text.__readbulkdataCB
                0x80012bac       0xdc c:/devkitPro/libogc/lib/wii\libbte.a(physbusif.o)
 .text.physbusif_init
                0x80012c88      0x14c c:/devkitPro/libogc/lib/wii\libbte.a(physbusif.o)
                0x80012c88                physbusif_init
 .text.physbusif_close
                0x80012dd4       0x28 c:/devkitPro/libogc/lib/wii\libbte.a(physbusif.o)
                0x80012dd4                physbusif_close
 .text.physbusif_shutdown
                0x80012dfc       0x40 c:/devkitPro/libogc/lib/wii\libbte.a(physbusif.o)
                0x80012dfc                physbusif_shutdown
 .text.physbusif_reset_all
                0x80012e3c        0x4 c:/devkitPro/libogc/lib/wii\libbte.a(physbusif.o)
                0x80012e3c                physbusif_reset_all
 .text.physbusif_output
                0x80012e40      0x140 c:/devkitPro/libogc/lib/wii\libbte.a(physbusif.o)
                0x80012e40                physbusif_output
 .text.__console_clear_line
                0x80012f80       0x7c c:/devkitPro/libogc/lib/wii\libogc.a(console.o)
 .text.__console_clear
                0x80012ffc       0x58 c:/devkitPro/libogc/lib/wii\libogc.a(console.o)
 .text.__console_write
                0x80013054      0x688 c:/devkitPro/libogc/lib/wii\libogc.a(console.o)
                0x80013054                __console_write
 .text.__console_init
                0x800136dc      0x100 c:/devkitPro/libogc/lib/wii\libogc.a(console.o)
                0x800136dc                __console_init
 .text.CON_Init
                0x800137dc        0x4 c:/devkitPro/libogc/lib/wii\libogc.a(console.o)
                0x800137dc                CON_Init
 .text.CON_EnableGecko
                0x800137e0       0xa0 c:/devkitPro/libogc/lib/wii\libogc.a(console.o)
                0x800137e0                CON_EnableGecko
 .text.__lwp_queue_initialize
                0x80013880       0x3c c:/devkitPro/libogc/lib/wii\libogc.a(lwp_queue.o)
                0x80013880                __lwp_queue_initialize
 .text.__lwp_queue_get
                0x800138bc       0x64 c:/devkitPro/libogc/lib/wii\libogc.a(lwp_queue.o)
                0x800138bc                __lwp_queue_get
 .text.__lwp_queue_append
                0x80013920       0x50 c:/devkitPro/libogc/lib/wii\libogc.a(lwp_queue.o)
                0x80013920                __lwp_queue_append
 .text.__lwp_priomap_addto
                0x80013970       0x28 c:/devkitPro/libogc/lib/wii\libogc.a(lwp_threads.o)
 .text.__lwp_priomap_removefrom
                0x80013998       0x38 c:/devkitPro/libogc/lib/wii\libogc.a(lwp_threads.o)
 .text.__lwp_thread_calcheir
                0x800139d0       0x3c c:/devkitPro/libogc/lib/wii\libogc.a(lwp_threads.o)
 .text.__lwp_thread_dispatchdisable
                0x80013a0c       0x10 c:/devkitPro/libogc/lib/wii\libogc.a(lwp_threads.o)
 .text.__lwp_thread_dispatchunnest
                0x80013a1c       0x10 c:/devkitPro/libogc/lib/wii\libogc.a(lwp_threads.o)
 .text.__lwp_wd_insert_ticks.clone.2
                0x80013a2c       0x60 c:/devkitPro/libogc/lib/wii\libogc.a(lwp_threads.o)
 .text.__lwp_isr_in_progress
                0x80013a8c        0x8 c:/devkitPro/libogc/lib/wii\libogc.a(lwp_threads.o)
                0x80013a8c                __lwp_isr_in_progress
 .text.__thread_dispatch_fp
                0x80013a94       0x7c c:/devkitPro/libogc/lib/wii\libogc.a(lwp_threads.o)
                0x80013a94                __thread_dispatch_fp
 .text.__thread_dispatch
                0x80013b10       0xe0 c:/devkitPro/libogc/lib/wii\libogc.a(lwp_threads.o)
                0x80013b10                __thread_dispatch
 .text.__lwp_thread_dispatchenable
                0x80013bf0       0x1c c:/devkitPro/libogc/lib/wii\libogc.a(lwp_threads.o)
 .text.__lwp_thread_resettimeslice
                0x80013c0c       0xcc c:/devkitPro/libogc/lib/wii\libogc.a(lwp_threads.o)
                0x80013c0c                __lwp_thread_resettimeslice
 .text.__lwp_thread_tickle_timeslice
                0x80013cd8       0x78 c:/devkitPro/libogc/lib/wii\libogc.a(lwp_threads.o)
                0x80013cd8                __lwp_thread_tickle_timeslice
 .text.__lwp_thread_setstate
                0x80013d50      0x10c c:/devkitPro/libogc/lib/wii\libogc.a(lwp_threads.o)
                0x80013d50                __lwp_thread_setstate
 .text.__lwp_thread_clearstate
                0x80013e5c       0xe8 c:/devkitPro/libogc/lib/wii\libogc.a(lwp_threads.o)
                0x80013e5c                __lwp_thread_clearstate
 .text.__lwp_thread_delayended
                0x80013f44       0x4c c:/devkitPro/libogc/lib/wii\libogc.a(lwp_threads.o)
                0x80013f44                __lwp_thread_delayended
 .text.__lwp_thread_setpriority
                0x80013f90       0x5c c:/devkitPro/libogc/lib/wii\libogc.a(lwp_threads.o)
                0x80013f90                __lwp_thread_setpriority
 .text.__lwp_thread_settransient
                0x80013fec       0xa8 c:/devkitPro/libogc/lib/wii\libogc.a(lwp_threads.o)
                0x80013fec                __lwp_thread_settransient
 .text.__lwp_thread_changepriority
                0x80014094      0x130 c:/devkitPro/libogc/lib/wii\libogc.a(lwp_threads.o)
                0x80014094                __lwp_thread_changepriority
 .text.__lwp_thread_loadenv
                0x800141c4       0x78 c:/devkitPro/libogc/lib/wii\libogc.a(lwp_threads.o)
                0x800141c4                __lwp_thread_loadenv
 .text.__lwp_thread_ready
                0x8001423c       0xc0 c:/devkitPro/libogc/lib/wii\libogc.a(lwp_threads.o)
                0x8001423c                __lwp_thread_ready
 .text.__lwp_thread_init
                0x800142fc       0xf8 c:/devkitPro/libogc/lib/wii\libogc.a(lwp_threads.o)
                0x800142fc                __lwp_thread_init
 .text.__lwp_thread_close
                0x800143f4      0x108 c:/devkitPro/libogc/lib/wii\libogc.a(lwp_threads.o)
                0x800143f4                __lwp_thread_close
 .text.__lwp_thread_closeall
                0x800144fc       0x98 c:/devkitPro/libogc/lib/wii\libogc.a(lwp_threads.o)
                0x800144fc                __lwp_thread_closeall
 .text.__lwp_thread_exit
                0x80014594       0x40 c:/devkitPro/libogc/lib/wii\libogc.a(lwp_threads.o)
                0x80014594                __lwp_thread_exit
 .text.__lwp_thread_handler
                0x800145d4       0x68 c:/devkitPro/libogc/lib/wii\libogc.a(lwp_threads.o)
 .text.__lwp_thread_start
                0x8001463c       0x58 c:/devkitPro/libogc/lib/wii\libogc.a(lwp_threads.o)
                0x8001463c                __lwp_thread_start
 .text.__lwp_thread_startmultitasking
                0x80014694       0x64 c:/devkitPro/libogc/lib/wii\libogc.a(lwp_threads.o)
                0x80014694                __lwp_thread_startmultitasking
 .text.__lwp_thread_stopmultitasking
                0x800146f8       0x5c c:/devkitPro/libogc/lib/wii\libogc.a(lwp_threads.o)
                0x800146f8                __lwp_thread_stopmultitasking
 .text.__lwp_thread_coreinit
                0x80014754       0xe0 c:/devkitPro/libogc/lib/wii\libogc.a(lwp_threads.o)
                0x80014754                __lwp_thread_coreinit
 .text.__lwp_thread_dispatchdisable
                0x80014834       0x10 c:/devkitPro/libogc/lib/wii\libogc.a(lwp.o)
 .text.idle_func
                0x80014844        0x4 c:/devkitPro/libogc/lib/wii\libogc.a(lwp.o)
 .text.__lwp_tqueue_open
                0x80014848       0x48 c:/devkitPro/libogc/lib/wii\libogc.a(lwp.o)
 .text.__lwp_thread_dispatchenable
                0x80014890       0x38 c:/devkitPro/libogc/lib/wii\libogc.a(lwp.o)
 .text.__lwp_sysinit
                0x800148c8      0x114 c:/devkitPro/libogc/lib/wii\libogc.a(lwp.o)
                0x800148c8                __lwp_sysinit
 .text.LWP_InitQueue
                0x800149dc       0x98 c:/devkitPro/libogc/lib/wii\libogc.a(lwp.o)
                0x800149dc                LWP_InitQueue
 .text.LWP_CloseQueue
                0x80014a74       0x70 c:/devkitPro/libogc/lib/wii\libogc.a(lwp.o)
                0x80014a74                LWP_CloseQueue
 .text.LWP_ThreadSleep
                0x80014ae4       0xa0 c:/devkitPro/libogc/lib/wii\libogc.a(lwp.o)
                0x80014ae4                LWP_ThreadSleep
 .text.LWP_ThreadBroadcast
                0x80014b84       0x50 c:/devkitPro/libogc/lib/wii\libogc.a(lwp.o)
                0x80014b84                LWP_ThreadBroadcast
 .text.LWP_ThreadSignal
                0x80014bd4       0x40 c:/devkitPro/libogc/lib/wii\libogc.a(lwp.o)
                0x80014bd4                LWP_ThreadSignal
 .text.__lwp_stack_allocate
                0x80014c14       0x50 c:/devkitPro/libogc/lib/wii\libogc.a(lwp_stack.o)
                0x80014c14                __lwp_stack_allocate
 .text.__lwp_stack_free
                0x80014c64       0x3c c:/devkitPro/libogc/lib/wii\libogc.a(lwp_stack.o)
                0x80014c64                __lwp_stack_free
 .text.__lwp_wd_settimer.clone.3
                0x80014ca0       0xbc c:/devkitPro/libogc/lib/wii\libogc.a(lwp_watchdog.o)
 .text.__lwp_watchdog_init
                0x80014d5c       0x2c c:/devkitPro/libogc/lib/wii\libogc.a(lwp_watchdog.o)
                0x80014d5c                __lwp_watchdog_init
 .text.__lwp_wd_insert
                0x80014d88      0x150 c:/devkitPro/libogc/lib/wii\libogc.a(lwp_watchdog.o)
                0x80014d88                __lwp_wd_insert
 .text.__lwp_wd_remove
                0x80014ed8       0xd0 c:/devkitPro/libogc/lib/wii\libogc.a(lwp_watchdog.o)
                0x80014ed8                __lwp_wd_remove
 .text.__lwp_wd_tickle
                0x80014fa8       0xf8 c:/devkitPro/libogc/lib/wii\libogc.a(lwp_watchdog.o)
                0x80014fa8                __lwp_wd_tickle
 .text.__lwp_wkspace_init
                0x800150a0       0xa4 c:/devkitPro/libogc/lib/wii\libogc.a(lwp_wkspace.o)
                0x800150a0                __lwp_wkspace_init
 .text.__lwp_objmgr_initinfo
                0x80015144      0x148 c:/devkitPro/libogc/lib/wii\libogc.a(lwp_objmgr.o)
                0x80015144                __lwp_objmgr_initinfo
 .text.__lwp_objmgr_getisrdisable
                0x8001528c       0x68 c:/devkitPro/libogc/lib/wii\libogc.a(lwp_objmgr.o)
                0x8001528c                __lwp_objmgr_getisrdisable
 .text.__lwp_objmgr_getnoprotection
                0x800152f4       0x24 c:/devkitPro/libogc/lib/wii\libogc.a(lwp_objmgr.o)
                0x800152f4                __lwp_objmgr_getnoprotection
 .text.__lwp_objmgr_get
                0x80015318       0x6c c:/devkitPro/libogc/lib/wii\libogc.a(lwp_objmgr.o)
                0x80015318                __lwp_objmgr_get
 .text.__lwp_objmgr_allocate
                0x80015384       0x84 c:/devkitPro/libogc/lib/wii\libogc.a(lwp_objmgr.o)
                0x80015384                __lwp_objmgr_allocate
 .text.__lwp_objmgr_free
                0x80015408       0x60 c:/devkitPro/libogc/lib/wii\libogc.a(lwp_objmgr.o)
                0x80015408                __lwp_objmgr_free
 .text.__lwp_heap_init
                0x80015468       0xb0 c:/devkitPro/libogc/lib/wii\libogc.a(lwp_heap.o)
                0x80015468                __lwp_heap_init
 .text.__lwp_heap_allocate
                0x80015518      0x130 c:/devkitPro/libogc/lib/wii\libogc.a(lwp_heap.o)
                0x80015518                __lwp_heap_allocate
 .text.__lwp_heap_free
                0x80015648      0x208 c:/devkitPro/libogc/lib/wii\libogc.a(lwp_heap.o)
                0x80015648                __lwp_heap_free
 .text.__SetInterrupts
                0x80015850      0x298 c:/devkitPro/libogc/lib/wii\libogc.a(irq.o)
 .text.c_irqdispatcher
                0x80015ae8      0x28c c:/devkitPro/libogc/lib/wii\libogc.a(irq.o)
                0x80015ae8                c_irqdispatcher
 .text.__UnmaskIrq
                0x80015d74       0x7c c:/devkitPro/libogc/lib/wii\libogc.a(irq.o)
                0x80015d74                __UnmaskIrq
 .text.__MaskIrq
                0x80015df0       0x7c c:/devkitPro/libogc/lib/wii\libogc.a(irq.o)
                0x80015df0                __MaskIrq
 .text.__irq_init
                0x80015e6c       0x94 c:/devkitPro/libogc/lib/wii\libogc.a(irq.o)
                0x80015e6c                __irq_init
 .text.IRQ_Request
                0x80015f00       0x54 c:/devkitPro/libogc/lib/wii\libogc.a(irq.o)
                0x80015f00                IRQ_Request
 .text.IRQ_GetHandler
                0x80015f54       0x48 c:/devkitPro/libogc/lib/wii\libogc.a(irq.o)
                0x80015f54                IRQ_GetHandler
 .text.IRQ_Disable
                0x80015f9c       0x24 c:/devkitPro/libogc/lib/wii\libogc.a(irq.o)
                0x80015f9c                IRQ_Disable
 .text.IRQ_Restore
                0x80015fc0       0x1c c:/devkitPro/libogc/lib/wii\libogc.a(irq.o)
                0x80015fc0                IRQ_Restore
 .text.__gettiming
                0x80015fdc       0x2c c:/devkitPro/libogc/lib/wii\libogc.a(video.o)
 .text.__viOpenI2C
                0x80016008       0x24 c:/devkitPro/libogc/lib/wii\libogc.a(video.o)
 .text.__viSetSCL
                0x8001602c       0x24 c:/devkitPro/libogc/lib/wii\libogc.a(video.o)
 .text.__viSetSDA
                0x80016050       0x24 c:/devkitPro/libogc/lib/wii\libogc.a(video.o)
 .text.__setVerticalRegs
                0x80016074       0xc0 c:/devkitPro/libogc/lib/wii\libogc.a(video.o)
 .text.__adjustPosition
                0x80016134      0x178 c:/devkitPro/libogc/lib/wii\libogc.a(video.o)
 .text.__getCurrentHalfLine
                0x800162ac       0x58 c:/devkitPro/libogc/lib/wii\libogc.a(video.o)
 .text.__getCurrentFieldEvenOdd
                0x80016304       0x34 c:/devkitPro/libogc/lib/wii\libogc.a(video.o)
 .text.__setFbbRegs.clone.3
                0x80016338      0x1e8 c:/devkitPro/libogc/lib/wii\libogc.a(video.o)
 .text.__VISendI2CData.clone.4
                0x80016520      0x298 c:/devkitPro/libogc/lib/wii\libogc.a(video.o)
 .text.__VIWriteI2CRegister32.clone.0
                0x800167b8       0x4c c:/devkitPro/libogc/lib/wii\libogc.a(video.o)
 .text.__VIWriteI2CRegister8
                0x80016804       0x38 c:/devkitPro/libogc/lib/wii\libogc.a(video.o)
 .text.__VISetYUVSEL
                0x8001683c       0x4c c:/devkitPro/libogc/lib/wii\libogc.a(video.o)
 .text.__VISetFilterEURGB60
                0x80016888        0xc c:/devkitPro/libogc/lib/wii\libogc.a(video.o)
 .text.__VIWriteI2CRegister16
                0x80016894       0x40 c:/devkitPro/libogc/lib/wii\libogc.a(video.o)
 .text.__VIWriteI2CRegisterBuf
                0x800168d4       0x48 c:/devkitPro/libogc/lib/wii\libogc.a(video.o)
 .text.VIDEO_Configure
                0x8001691c      0x41c c:/devkitPro/libogc/lib/wii\libogc.a(video.o)
                0x8001691c                VIDEO_Configure
 .text.VIDEO_WaitVSync
                0x80016d38       0x68 c:/devkitPro/libogc/lib/wii\libogc.a(video.o)
                0x80016d38                VIDEO_WaitVSync
 .text.VIDEO_SetFramebuffer
                0x80016da0       0xfc c:/devkitPro/libogc/lib/wii\libogc.a(video.o)
                0x80016da0                VIDEO_SetFramebuffer
 .text.VIDEO_SetNextFramebuffer
                0x80016e9c       0x64 c:/devkitPro/libogc/lib/wii\libogc.a(video.o)
                0x80016e9c                VIDEO_SetNextFramebuffer
 .text.VIDEO_Flush
                0x80016f00       0xf0 c:/devkitPro/libogc/lib/wii\libogc.a(video.o)
                0x80016f00                VIDEO_Flush
 .text.VIDEO_SetBlack
                0x80016ff0       0x88 c:/devkitPro/libogc/lib/wii\libogc.a(video.o)
                0x80016ff0                VIDEO_SetBlack
 .text.VIDEO_GetCurrentTvMode
                0x80017078       0x70 c:/devkitPro/libogc/lib/wii\libogc.a(video.o)
                0x80017078                VIDEO_GetCurrentTvMode
 .text.VIDEO_Init
                0x800170e8      0x604 c:/devkitPro/libogc/lib/wii\libogc.a(video.o)
                0x800170e8                VIDEO_Init
 .text.__VIRetraceHandler
                0x800176ec      0x1ec c:/devkitPro/libogc/lib/wii\libogc.a(video.o)
 .text.VIDEO_GetPreferredMode
                0x800178d8       0xb8 c:/devkitPro/libogc/lib/wii\libogc.a(video.o)
                0x800178d8                VIDEO_GetPreferredMode
 .text.VIDEO_GetCurrentLine
                0x80017990       0x68 c:/devkitPro/libogc/lib/wii\libogc.a(video.o)
                0x80017990                VIDEO_GetCurrentLine
 .text.VIDEO_GetFrameBufferSize
                0x800179f8       0x30 c:/devkitPro/libogc/lib/wii\libogc.a(video.o)
                0x800179f8                VIDEO_GetFrameBufferSize
 .text.SPEC0_MakeStatus
                0x80017a28      0x118 c:/devkitPro/libogc/lib/wii\libogc.a(pad.o)
 .text.SPEC1_MakeStatus
                0x80017b40      0x118 c:/devkitPro/libogc/lib/wii\libogc.a(pad.o)
 .text.__pad_clampS8
                0x80017c58       0x34 c:/devkitPro/libogc/lib/wii\libogc.a(pad.o)
 .text.SPEC2_MakeStatus
                0x80017c8c      0x150 c:/devkitPro/libogc/lib/wii\libogc.a(pad.o)
 .text.__pad_samplinghandler
                0x80017ddc        0x4 c:/devkitPro/libogc/lib/wii\libogc.a(pad.o)
 .text.__pad_updateorigin
                0x80017de0       0x88 c:/devkitPro/libogc/lib/wii\libogc.a(pad.o)
 .text.__pad_doreset
                0x80017e68       0x6c c:/devkitPro/libogc/lib/wii\libogc.a(pad.o)
 .text.__pad_enable
                0x80017ed4       0x54 c:/devkitPro/libogc/lib/wii\libogc.a(pad.o)
 .text.__pad_typeandstatuscallback
                0x80017f28      0x150 c:/devkitPro/libogc/lib/wii\libogc.a(pad.o)
 .text.__pad_probecallback
                0x80018078       0x44 c:/devkitPro/libogc/lib/wii\libogc.a(pad.o)
 .text.__pad_origincallback
                0x800180bc       0x34 c:/devkitPro/libogc/lib/wii\libogc.a(pad.o)
 .text.__pad_disable
                0x800180f0       0xa0 c:/devkitPro/libogc/lib/wii\libogc.a(pad.o)
 .text.__pad_originupdatecallback
                0x80018190       0x60 c:/devkitPro/libogc/lib/wii\libogc.a(pad.o)
 .text.__pad_receivecheckcallback
                0x800181f0       0xb4 c:/devkitPro/libogc/lib/wii\libogc.a(pad.o)
 .text.__PADDisableRecalibration
                0x800182a4       0x68 c:/devkitPro/libogc/lib/wii\libogc.a(pad.o)
                0x800182a4                __PADDisableRecalibration
 .text.PAD_Reset
                0x8001830c       0xbc c:/devkitPro/libogc/lib/wii\libogc.a(pad.o)
                0x8001830c                PAD_Reset
 .text.PAD_Read
                0x800183c8      0x24c c:/devkitPro/libogc/lib/wii\libogc.a(pad.o)
                0x800183c8                PAD_Read
 .text.PAD_Recalibrate
                0x80018614       0x3c c:/devkitPro/libogc/lib/wii\libogc.a(pad.o)
                0x80018614                PAD_Recalibrate
 .text.PAD_Sync
                0x80018650       0x44 c:/devkitPro/libogc/lib/wii\libogc.a(pad.o)
                0x80018650                PAD_Sync
 .text.PAD_SetSpec
                0x80018694       0x50 c:/devkitPro/libogc/lib/wii\libogc.a(pad.o)
                0x80018694                PAD_SetSpec
 .text.PAD_Init
                0x800186e4       0xd8 c:/devkitPro/libogc/lib/wii\libogc.a(pad.o)
                0x800186e4                PAD_Init
 .text.PAD_SetSamplingCallback